Archive member included to satisfy reference by file (symbol)

/usr/lib/gcc/arm-none-eabi/8.3.1/thumb/v6-m/nofp/libgcc.a(_dvmd_tls.o)
                              CMakeFiles/gyrologger.dir/home/dietpi/programming/pico/pico-sdk/src/rp2_common/pico_divider/divider.S.obj (__aeabi_idiv0)
/usr/lib/gcc/arm-none-eabi/8.3.1/../../../arm-none-eabi/lib/thumb/v6-m/nofp/libc.a(lib_a-calloc.o)
                              CMakeFiles/gyrologger.dir/home/dietpi/programming/pico/pico-sdk/src/rp2_common/pico_malloc/pico_malloc.c.obj (calloc)
/usr/lib/gcc/arm-none-eabi/8.3.1/../../../arm-none-eabi/lib/thumb/v6-m/nofp/libc.a(lib_a-callocr.o)
                              /usr/lib/gcc/arm-none-eabi/8.3.1/../../../arm-none-eabi/lib/thumb/v6-m/nofp/libc.a(lib_a-calloc.o) (_calloc_r)
/usr/lib/gcc/arm-none-eabi/8.3.1/../../../arm-none-eabi/lib/thumb/v6-m/nofp/libc.a(lib_a-impure.o)
                              /usr/lib/gcc/arm-none-eabi/8.3.1/../../../arm-none-eabi/lib/thumb/v6-m/nofp/libc.a(lib_a-calloc.o) (_impure_ptr)
/usr/lib/gcc/arm-none-eabi/8.3.1/../../../arm-none-eabi/lib/thumb/v6-m/nofp/libc.a(lib_a-malloc.o)
                              CMakeFiles/gyrologger.dir/home/dietpi/programming/pico/pico-sdk/src/rp2_common/pico_malloc/pico_malloc.c.obj (malloc)
/usr/lib/gcc/arm-none-eabi/8.3.1/../../../arm-none-eabi/lib/thumb/v6-m/nofp/libc.a(lib_a-mallocr.o)
                              /usr/lib/gcc/arm-none-eabi/8.3.1/../../../arm-none-eabi/lib/thumb/v6-m/nofp/libc.a(lib_a-callocr.o) (_malloc_r)
/usr/lib/gcc/arm-none-eabi/8.3.1/../../../arm-none-eabi/lib/thumb/v6-m/nofp/libc.a(lib_a-mlock.o)
                              /usr/lib/gcc/arm-none-eabi/8.3.1/../../../arm-none-eabi/lib/thumb/v6-m/nofp/libc.a(lib_a-mallocr.o) (__malloc_lock)
/usr/lib/gcc/arm-none-eabi/8.3.1/../../../arm-none-eabi/lib/thumb/v6-m/nofp/libc.a(lib_a-sbrkr.o)
                              /usr/lib/gcc/arm-none-eabi/8.3.1/../../../arm-none-eabi/lib/thumb/v6-m/nofp/libc.a(lib_a-mallocr.o) (_sbrk_r)
/usr/lib/gcc/arm-none-eabi/8.3.1/../../../arm-none-eabi/lib/thumb/v6-m/nofp/libc.a(lib_a-strlen-stub.o)
                              CMakeFiles/gyrologger.dir/home/dietpi/programming/pico/pico-sdk/src/rp2_common/pico_stdio/stdio.c.obj (strlen)
/usr/lib/gcc/arm-none-eabi/8.3.1/../../../arm-none-eabi/lib/thumb/v6-m/nofp/libc.a(lib_a-freer.o)
                              /usr/lib/gcc/arm-none-eabi/8.3.1/../../../arm-none-eabi/lib/thumb/v6-m/nofp/libc.a(lib_a-malloc.o) (_free_r)
/usr/lib/gcc/arm-none-eabi/8.3.1/../../../arm-none-eabi/lib/thumb/v6-m/nofp/libc.a(lib_a-reent.o)
                              /usr/lib/gcc/arm-none-eabi/8.3.1/../../../arm-none-eabi/lib/thumb/v6-m/nofp/libc.a(lib_a-sbrkr.o) (errno)

Allocating common symbols
Common symbol       size              file

sf_table            0x100             CMakeFiles/gyrologger.dir/home/dietpi/programming/pico/pico-sdk/src/rp2_common/pico_float/float_init_rom.c.obj
errno               0x4               /usr/lib/gcc/arm-none-eabi/8.3.1/../../../arm-none-eabi/lib/thumb/v6-m/nofp/libc.a(lib_a-reent.o)
_usbd_qdef_buf      0xc0              CMakeFiles/gyrologger.dir/home/dietpi/programming/pico/pico-sdk/lib/tinyusb/src/device/usbd.c.obj
sd_table            0x100             CMakeFiles/gyrologger.dir/home/dietpi/programming/pico/pico-sdk/src/rp2_common/pico_double/double_init_rom.c.obj
uart_char_to_line_feed
                    0x4               CMakeFiles/gyrologger.dir/home/dietpi/programming/pico/pico-sdk/src/rp2_common/hardware_uart/uart.c.obj

Discarded input sections

 .text          0x0000000000000000        0x0 CMakeFiles/gyrologger.dir/gyrologger.cpp.obj
 .data          0x0000000000000000        0x0 CMakeFiles/gyrologger.dir/gyrologger.cpp.obj
 .bss           0x0000000000000000        0x0 CMakeFiles/gyrologger.dir/gyrologger.cpp.obj
 .text._Z22mpu9250_read_raw_accelPs
                0x0000000000000000       0x94 CMakeFiles/gyrologger.dir/gyrologger.cpp.obj
 .text._Z21mpu9250_read_raw_gyroPs
                0x0000000000000000       0x94 CMakeFiles/gyrologger.dir/gyrologger.cpp.obj
 .bss.results_queue
                0x0000000000000000       0x10 CMakeFiles/gyrologger.dir/gyrologger.cpp.obj
 .text          0x0000000000000000        0x0 CMakeFiles/gyrologger.dir/home/dietpi/programming/pico/pico-sdk/src/rp2_common/pico_stdlib/stdlib.c.obj
 .data          0x0000000000000000        0x0 CMakeFiles/gyrologger.dir/home/dietpi/programming/pico/pico-sdk/src/rp2_common/pico_stdlib/stdlib.c.obj
 .bss           0x0000000000000000        0x0 CMakeFiles/gyrologger.dir/home/dietpi/programming/pico/pico-sdk/src/rp2_common/pico_stdlib/stdlib.c.obj
 .text.set_sys_clock_48mhz
                0x0000000000000000       0x40 CMakeFiles/gyrologger.dir/home/dietpi/programming/pico/pico-sdk/src/rp2_common/pico_stdlib/stdlib.c.obj
 .text.set_sys_clock_pll
                0x0000000000000000       0x78 CMakeFiles/gyrologger.dir/home/dietpi/programming/pico/pico-sdk/src/rp2_common/pico_stdlib/stdlib.c.obj
[...]
Memory Configuration

Name             Origin             Length             Attributes
RAM              0x0000000020000000 0x0000000000040000 xrw
SCRATCH_X        0x0000000020040000 0x0000000000001000 xrw
SCRATCH_Y        0x0000000020041000 0x0000000000001000 xrw
*default*        0x0000000000000000 0xffffffffffffffff

Linker script and memory map


.text           0x0000000020000000     0x8404
                0x0000000020000000                __logical_binary_start = .
                0x0000000020000000                __reset_start = .
 *(.reset)
 .reset         0x0000000020000000       0xac CMakeFiles/gyrologger.dir/home/dietpi/programming/pico/pico-sdk/src/rp2_common/pico_standard_link/crt0.S.obj
                0x0000000020000000                _entry_point
                0x000000002000007e                __get_current_exception
 .reset         0x00000000200000ac       0x24 CMakeFiles/gyrologger.dir/home/dietpi/programming/pico/pico-sdk/src/rp2_common/pico_standard_link/binary_info.c.obj
                0x00000000200000d0                __reset_end = .
 *(.binary_info_header)
 .binary_info_header
                0x00000000200000d0       0x14 CMakeFiles/gyrologger.dir/home/dietpi/programming/pico/pico-sdk/src/rp2_common/pico_standard_link/crt0.S.obj
                0x00000000200000e4                __binary_info_header_end = .
                0x0000000020000100                . = ALIGN (0x100)
 *fill*         0x00000000200000e4       0x1c 
 *(.vectors)
 .vectors       0x0000000020000100       0xd4 CMakeFiles/gyrologger.dir/home/dietpi/programming/pico/pico-sdk/src/rp2_common/pico_standard_link/crt0.S.obj
                0x0000000020000100                __vectors
                0x0000000020000100                __VECTOR_TABLE
                0x00000000200001c0                isr_invalid
                0x00000000200001c0                __default_isrs_start
                0x00000000200001c2                isr_nmi
                0x00000000200001c4                isr_hardfault
                0x00000000200001c6                isr_svcall
                0x00000000200001c8                isr_pendsv
                0x00000000200001ca                isr_systick
                0x00000000200001cc                isr_irq30
                0x00000000200001cc                __unhandled_user_irq
                0x00000000200001cc                isr_irq13
                0x00000000200001cc                isr_irq27
                0x00000000200001cc                isr_irq31
                0x00000000200001cc                isr_irq5
                0x00000000200001cc                isr_irq11
                0x00000000200001cc                isr_irq23
                0x00000000200001cc                isr_irq18
                0x00000000200001cc                isr_irq28
                0x00000000200001cc                isr_irq19
                0x00000000200001cc                isr_irq0
                0x00000000200001cc                isr_irq6
                0x00000000200001cc                isr_irq22
                0x00000000200001cc                isr_irq17
                0x00000000200001cc                isr_irq14
                0x00000000200001cc                isr_irq2
                0x00000000200001cc                isr_irq10
                0x00000000200001cc                isr_irq8
                0x00000000200001cc                isr_irq24
                0x00000000200001cc                isr_irq1
                0x00000000200001cc                isr_irq7
                0x00000000200001cc                isr_irq21
                0x00000000200001cc                isr_irq20
                0x00000000200001cc                isr_irq15
                0x00000000200001cc                isr_irq25
                0x00000000200001cc                isr_irq4
                0x00000000200001cc                isr_irq16
                0x00000000200001cc                isr_irq29
                0x00000000200001cc                isr_irq26
                0x00000000200001cc                __default_isrs_end
                0x00000000200001cc                isr_irq3
                0x00000000200001cc                isr_irq12
                0x00000000200001cc                isr_irq9
                0x00000000200001d2                unhandled_user_irq_num_in_r0
 *(.time_critical*)
 .time_critical.mutex_enter_blocking
                0x00000000200001d4       0x48 CMakeFiles/gyrologger.dir/home/dietpi/programming/pico/pico-sdk/src/common/pico_sync/mutex.c.obj
                0x00000000200001d4                mutex_enter_blocking
 .time_critical.mutex_try_enter
                0x000000002000021c       0x48 CMakeFiles/gyrologger.dir/home/dietpi/programming/pico/pico-sdk/src/common/pico_sync/mutex.c.obj
                0x000000002000021c                mutex_try_enter
 .time_critical.mutex_enter_timeout_ms
                0x0000000020000264       0x98 CMakeFiles/gyrologger.dir/home/dietpi/programming/pico/pico-sdk/src/common/pico_sync/mutex.c.obj
                0x0000000020000264                mutex_enter_timeout_ms
 .time_critical.mutex_exit
                0x00000000200002fc       0x28 CMakeFiles/gyrologger.dir/home/dietpi/programming/pico/pico-sdk/src/common/pico_sync/mutex.c.obj
                0x00000000200002fc                mutex_exit
 .time_critical.spi_write_blocking
                0x0000000020000324       0x4c CMakeFiles/gyrologger.dir/home/dietpi/programming/pico/pico-sdk/src/rp2_common/hardware_spi/spi.c.obj
                0x0000000020000324                spi_write_blocking
 .time_critical.spi_read_blocking
                0x0000000020000370       0x5c CMakeFiles/gyrologger.dir/home/dietpi/programming/pico/pico-sdk/src/rp2_common/hardware_spi/spi.c.obj
                0x0000000020000370                spi_read_blocking
 *(.text*)
 .text._ZL14read_registershPht
                0x00000000200003cc       0x74 CMakeFiles/gyrologger.dir/gyrologger.cpp.obj
 .text._Z11core1_entryv
                0x0000000020000440       0x20 CMakeFiles/gyrologger.dir/gyrologger.cpp.obj
                0x0000000020000440                core1_entry()
 .text._ZL15write_registershPht.constprop.0
                0x0000000020000460       0x4c CMakeFiles/gyrologger.dir/gyrologger.cpp.obj
 .text._ZL9setConfighh
                0x00000000200004ac       0x4c CMakeFiles/gyrologger.dir/gyrologger.cpp.obj
 .text._Z14calibrate_gyroPsi
                0x00000000200004f8      0x158 CMakeFiles/gyrologger.dir/gyrologger.cpp.obj
                0x00000000200004f8                calibrate_gyro(short*, int)
 .text.startup.main
                0x0000000020000650      0x268 CMakeFiles/gyrologger.dir/gyrologger.cpp.obj
                0x0000000020000650                main
 .text.gpio_set_function
                0x00000000200008b8       0x30 CMakeFiles/gyrologger.dir/home/dietpi/programming/pico/pico-sdk/src/rp2_common/hardware_gpio/gpio.c.obj
                0x00000000200008b8                gpio_set_function
 .text.gpio_init
                0x00000000200008e8       0x3c CMakeFiles/gyrologger.dir/home/dietpi/programming/pico/pico-sdk/src/rp2_common/hardware_gpio/gpio.c.obj
                0x00000000200008e8                gpio_init
 .text.hw_claim_or_assert
                0x0000000020000924       0x44 CMakeFiles/gyrologger.dir/home/dietpi/programming/pico/pico-sdk/src/rp2_common/hardware_claim/claim.c.obj
                0x0000000020000924                hw_claim_or_assert
 .text.hw_claim_unused_from_range
                0x0000000020000968       0x9c CMakeFiles/gyrologger.dir/home/dietpi/programming/pico/pico-sdk/src/rp2_common/hardware_claim/claim.c.obj
                0x0000000020000968                hw_claim_unused_from_range
 .text.running_on_fpga
                0x0000000020000a04       0x10 CMakeFiles/gyrologger.dir/home/dietpi/programming/pico/pico-sdk/src/rp2_common/pico_platform/platform.c.obj
                0x0000000020000a04                running_on_fpga
 .text.spin_locks_reset
                0x0000000020000a14       0x1c CMakeFiles/gyrologger.dir/home/dietpi/programming/pico/pico-sdk/src/rp2_common/hardware_sync/sync.c.obj
                0x0000000020000a14                spin_locks_reset
 .text.next_striped_spin_lock_num
                0x0000000020000a30       0x18 CMakeFiles/gyrologger.dir/home/dietpi/programming/pico/pico-sdk/src/rp2_common/hardware_sync/sync.c.obj
                0x0000000020000a30                next_striped_spin_lock_num
 .text.spin_lock_claim_unused
                0x0000000020000a48       0x20 CMakeFiles/gyrologger.dir/home/dietpi/programming/pico/pico-sdk/src/rp2_common/hardware_sync/sync.c.obj
                0x0000000020000a48                spin_lock_claim_unused
 .text.timer_pool_entry_comparator
                0x0000000020000a68       0x34 CMakeFiles/gyrologger.dir/home/dietpi/programming/pico/pico-sdk/src/common/pico_time/time.c.obj
                0x0000000020000a68                timer_pool_entry_comparator
 .text.sleep_until_callback
                0x0000000020000a9c       0x30 CMakeFiles/gyrologger.dir/home/dietpi/programming/pico/pico-sdk/src/common/pico_time/time.c.obj
 .text.add_alarm_under_lock
                0x0000000020000acc      0x114 CMakeFiles/gyrologger.dir/home/dietpi/programming/pico/pico-sdk/src/common/pico_time/time.c.obj
 .text.alarm_pool_alarm_callback
                0x0000000020000be0      0x1d0 CMakeFiles/gyrologger.dir/home/dietpi/programming/pico/pico-sdk/src/common/pico_time/time.c.obj
 .text.alarm_pool_init_default
                0x0000000020000db0       0x64 CMakeFiles/gyrologger.dir/home/dietpi/programming/pico/pico-sdk/src/common/pico_time/time.c.obj
                0x0000000020000db0                alarm_pool_init_default
 .text.alarm_pool_get_default
                0x0000000020000e14        0x8 CMakeFiles/gyrologger.dir/home/dietpi/programming/pico/pico-sdk/src/common/pico_time/time.c.obj
                0x0000000020000e14                alarm_pool_get_default
 .text.alarm_pool_add_alarm_at
                0x0000000020000e1c      0x19c CMakeFiles/gyrologger.dir/home/dietpi/programming/pico/pico-sdk/src/common/pico_time/time.c.obj
                0x0000000020000e1c                alarm_pool_add_alarm_at
 .text.alarm_pool_cancel_alarm
                0x0000000020000fb8       0x70 CMakeFiles/gyrologger.dir/home/dietpi/programming/pico/pico-sdk/src/common/pico_time/time.c.obj
                0x0000000020000fb8                alarm_pool_cancel_alarm
 .text.sleep_until
                0x0000000020001028       0xc4 CMakeFiles/gyrologger.dir/home/dietpi/programming/pico/pico-sdk/src/common/pico_time/time.c.obj
                0x0000000020001028                sleep_until
 .text.sleep_ms
                0x00000000200010ec       0x38 CMakeFiles/gyrologger.dir/home/dietpi/programming/pico/pico-sdk/src/common/pico_time/time.c.obj
                0x00000000200010ec                sleep_ms
 .text.best_effort_wfe_or_timeout
                0x0000000020001124       0x58 CMakeFiles/gyrologger.dir/home/dietpi/programming/pico/pico-sdk/src/common/pico_time/time.c.obj
                0x0000000020001124                best_effort_wfe_or_timeout
 .text.hardware_alarm_irq_handler
                0x000000002000117c       0xb0 CMakeFiles/gyrologger.dir/home/dietpi/programming/pico/pico-sdk/src/rp2_common/hardware_timer/timer.c.obj
 .text.hardware_alarm_claim
                0x000000002000122c       0x18 CMakeFiles/gyrologger.dir/home/dietpi/programming/pico/pico-sdk/src/rp2_common/hardware_timer/timer.c.obj
                0x000000002000122c                hardware_alarm_claim
 .text.time_us_64
                0x0000000020001244       0x18 CMakeFiles/gyrologger.dir/home/dietpi/programming/pico/pico-sdk/src/rp2_common/hardware_timer/timer.c.obj
                0x0000000020001244                time_us_64
 .text.busy_wait_us
                0x000000002000125c       0x60 CMakeFiles/gyrologger.dir/home/dietpi/programming/pico/pico-sdk/src/rp2_common/hardware_timer/timer.c.obj
                0x000000002000125c                busy_wait_us
 .text.busy_wait_until
                0x00000000200012bc       0x20 CMakeFiles/gyrologger.dir/home/dietpi/programming/pico/pico-sdk/src/rp2_common/hardware_timer/timer.c.obj
                0x00000000200012bc                busy_wait_until
 .text.hardware_alarm_set_callback
                0x00000000200012dc       0x8c CMakeFiles/gyrologger.dir/home/dietpi/programming/pico/pico-sdk/src/rp2_common/hardware_timer/timer.c.obj
                0x00000000200012dc                hardware_alarm_set_callback
 .text.hardware_alarm_set_target
                0x0000000020001368       0xe8 CMakeFiles/gyrologger.dir/home/dietpi/programming/pico/pico-sdk/src/rp2_common/hardware_timer/timer.c.obj
                0x0000000020001368                hardware_alarm_set_target
 .text.hardware_alarm_cancel
                0x0000000020001450       0x40 CMakeFiles/gyrologger.dir/home/dietpi/programming/pico/pico-sdk/src/rp2_common/hardware_timer/timer.c.obj
                0x0000000020001450                hardware_alarm_cancel
 .text.lock_init
                0x0000000020001490       0x10 CMakeFiles/gyrologger.dir/home/dietpi/programming/pico/pico-sdk/src/common/pico_sync/lock_core.c.obj
                0x0000000020001490                lock_init
 .text.mutex_init
                0x00000000200014a0       0x1c CMakeFiles/gyrologger.dir/home/dietpi/programming/pico/pico-sdk/src/common/pico_sync/mutex.c.obj
                0x00000000200014a0                mutex_init
 .text.recursive_mutex_init
                0x00000000200014bc       0x1c CMakeFiles/gyrologger.dir/home/dietpi/programming/pico/pico-sdk/src/common/pico_sync/mutex.c.obj
                0x00000000200014bc                recursive_mutex_init
 .text.critical_section_init
                0x00000000200014d8       0x20 CMakeFiles/gyrologger.dir/home/dietpi/programming/pico/pico-sdk/src/common/pico_sync/critical_section.c.obj
                0x00000000200014d8                critical_section_init
 .text.ph_merge_nodes
                0x00000000200014f8       0x5c CMakeFiles/gyrologger.dir/home/dietpi/programming/pico/pico-sdk/src/common/pico_util/pheap.c.obj
 .text.ph_post_alloc_init
                0x0000000020001554      0x1b8 CMakeFiles/gyrologger.dir/home/dietpi/programming/pico/pico-sdk/src/common/pico_util/pheap.c.obj
                0x0000000020001554                ph_post_alloc_init
 .text.ph_merge_two_pass
                0x000000002000170c       0x4c CMakeFiles/gyrologger.dir/home/dietpi/programming/pico/pico-sdk/src/common/pico_util/pheap.c.obj
                0x000000002000170c                ph_merge_two_pass
 .text.ph_remove_any_head
                0x0000000020001758      0x1b8 CMakeFiles/gyrologger.dir/home/dietpi/programming/pico/pico-sdk/src/common/pico_util/pheap.c.obj
 .text.ph_remove_head
                0x0000000020001910      0x1bc CMakeFiles/gyrologger.dir/home/dietpi/programming/pico/pico-sdk/src/common/pico_util/pheap.c.obj
                0x0000000020001910                ph_remove_head
 .text.ph_remove_and_free_node
                0x0000000020001acc       0x7c CMakeFiles/gyrologger.dir/home/dietpi/programming/pico/pico-sdk/src/common/pico_util/pheap.c.obj
                0x0000000020001acc                ph_remove_and_free_node
 .text.queue_init_with_spinlock
                0x0000000020001b48       0x24 CMakeFiles/gyrologger.dir/home/dietpi/programming/pico/pico-sdk/src/common/pico_util/queue.c.obj
                0x0000000020001b48                queue_init_with_spinlock
 .text.queue_add_blocking
                0x0000000020001b6c       0x74 CMakeFiles/gyrologger.dir/home/dietpi/programming/pico/pico-sdk/src/common/pico_util/queue.c.obj
                0x0000000020001b6c                queue_add_blocking
 .text.queue_remove_blocking
                0x0000000020001be0       0x74 CMakeFiles/gyrologger.dir/home/dietpi/programming/pico/pico-sdk/src/common/pico_util/queue.c.obj
                0x0000000020001be0                queue_remove_blocking
 .text.runtime_init
                0x0000000020001c54       0xdc CMakeFiles/gyrologger.dir/home/dietpi/programming/pico/pico-sdk/src/rp2_common/pico_runtime/runtime.c.obj
                0x0000000020001c54                runtime_init
 .text._sbrk    0x0000000020001d30       0x34 CMakeFiles/gyrologger.dir/home/dietpi/programming/pico/pico-sdk/src/rp2_common/pico_runtime/runtime.c.obj
                0x0000000020001d30                _sbrk
 .text.exit     0x0000000020001d64        0x4 CMakeFiles/gyrologger.dir/home/dietpi/programming/pico/pico-sdk/src/rp2_common/pico_runtime/runtime.c.obj
                0x0000000020001d64                exit
 .text.panic    0x0000000020001d68       0x30 CMakeFiles/gyrologger.dir/home/dietpi/programming/pico/pico-sdk/src/rp2_common/pico_runtime/runtime.c.obj
                0x0000000020001d68                panic
 .text.hard_assertion_failure
                0x0000000020001d98        0xc CMakeFiles/gyrologger.dir/home/dietpi/programming/pico/pico-sdk/src/rp2_common/pico_runtime/runtime.c.obj
                0x0000000020001d98                hard_assertion_failure
 .text.clocks_init
                0x0000000020001da4      0x2c0 CMakeFiles/gyrologger.dir/home/dietpi/programming/pico/pico-sdk/src/rp2_common/hardware_clocks/clocks.c.obj
                0x0000000020001da4                clocks_init
 .text.clock_get_hz
                0x0000000020002064        0xc CMakeFiles/gyrologger.dir/home/dietpi/programming/pico/pico-sdk/src/rp2_common/hardware_clocks/clocks.c.obj
                0x0000000020002064                clock_get_hz
 .text.irq_set_enabled
                0x0000000020002070       0x24 CMakeFiles/gyrologger.dir/home/dietpi/programming/pico/pico-sdk/src/rp2_common/hardware_irq/irq.c.obj
                0x0000000020002070                irq_set_enabled
 .text.irq_is_enabled
                0x0000000020002094       0x18 CMakeFiles/gyrologger.dir/home/dietpi/programming/pico/pico-sdk/src/rp2_common/hardware_irq/irq.c.obj
                0x0000000020002094                irq_is_enabled
 .text.irq_set_pending
                0x00000000200020ac       0x10 CMakeFiles/gyrologger.dir/home/dietpi/programming/pico/pico-sdk/src/rp2_common/hardware_irq/irq.c.obj
                0x00000000200020ac                irq_set_pending
 .text.irq_get_vtable_handler
                0x00000000200020bc       0x10 CMakeFiles/gyrologger.dir/home/dietpi/programming/pico/pico-sdk/src/rp2_common/hardware_irq/irq.c.obj
                0x00000000200020bc                irq_get_vtable_handler
 .text.irq_set_exclusive_handler
                0x00000000200020cc       0x54 CMakeFiles/gyrologger.dir/home/dietpi/programming/pico/pico-sdk/src/rp2_common/hardware_irq/irq.c.obj
                0x00000000200020cc                irq_set_exclusive_handler
 .text.irq_remove_handler
                0x0000000020002120      0x1bc CMakeFiles/gyrologger.dir/home/dietpi/programming/pico/pico-sdk/src/rp2_common/hardware_irq/irq.c.obj
                0x0000000020002120                irq_remove_handler
 .text.irq_add_tail_to_free_list
                0x00000000200022dc       0xb4 CMakeFiles/gyrologger.dir/home/dietpi/programming/pico/pico-sdk/src/rp2_common/hardware_irq/irq.c.obj
                0x00000000200022dc                irq_add_tail_to_free_list
 .text.irq_init_priorities
                0x0000000020002390       0x24 CMakeFiles/gyrologger.dir/home/dietpi/programming/pico/pico-sdk/src/rp2_common/hardware_irq/irq.c.obj
                0x0000000020002390                irq_init_priorities
 .text.pll_init
                0x00000000200023b4       0xa4 CMakeFiles/gyrologger.dir/home/dietpi/programming/pico/pico-sdk/src/rp2_common/hardware_pll/pll.c.obj
                0x00000000200023b4                pll_init
 .text.watchdog_start_tick
                0x0000000020002458       0x10 CMakeFiles/gyrologger.dir/home/dietpi/programming/pico/pico-sdk/src/rp2_common/hardware_watchdog/watchdog.c.obj
                0x0000000020002458                watchdog_start_tick
 .text.watchdog_reboot
                0x0000000020002468       0x98 CMakeFiles/gyrologger.dir/home/dietpi/programming/pico/pico-sdk/src/rp2_common/hardware_watchdog/watchdog.c.obj
                0x0000000020002468                watchdog_reboot
 .text.xosc_init
                0x0000000020002500       0x28 CMakeFiles/gyrologger.dir/home/dietpi/programming/pico/pico-sdk/src/rp2_common/hardware_xosc/xosc.c.obj
                0x0000000020002500                xosc_init
 .text._out_null
                0x0000000020002528        0x4 CMakeFiles/gyrologger.dir/home/dietpi/programming/pico/pico-sdk/src/rp2_common/pico_printf/printf.c.obj
 .text._out_rev
                0x000000002000252c       0x9c CMakeFiles/gyrologger.dir/home/dietpi/programming/pico/pico-sdk/src/rp2_common/pico_printf/printf.c.obj
 .text._ntoa_format
                0x00000000200025c8      0x1c8 CMakeFiles/gyrologger.dir/home/dietpi/programming/pico/pico-sdk/src/rp2_common/pico_printf/printf.c.obj
 .text._out_char
                0x0000000020002790       0x10 CMakeFiles/gyrologger.dir/home/dietpi/programming/pico/pico-sdk/src/rp2_common/pico_printf/printf.c.obj
 .text._out_fct
                0x00000000200027a0       0x10 CMakeFiles/gyrologger.dir/home/dietpi/programming/pico/pico-sdk/src/rp2_common/pico_printf/printf.c.obj
 .text._etoa    0x00000000200027b0      0x45c CMakeFiles/gyrologger.dir/home/dietpi/programming/pico/pico-sdk/src/rp2_common/pico_printf/printf.c.obj
 .text._ftoa    0x0000000020002c0c      0x4c0 CMakeFiles/gyrologger.dir/home/dietpi/programming/pico/pico-sdk/src/rp2_common/pico_printf/printf.c.obj
 .text._vsnprintf
                0x00000000200030cc      0xad0 CMakeFiles/gyrologger.dir/home/dietpi/programming/pico/pico-sdk/src/rp2_common/pico_printf/printf.c.obj
 .text.vfctprintf
                0x0000000020003b9c       0x20 CMakeFiles/gyrologger.dir/home/dietpi/programming/pico/pico-sdk/src/rp2_common/pico_printf/printf.c.obj
                0x0000000020003b9c                vfctprintf
 .text.weak_raw_vprintf
                0x0000000020003bbc       0x30 CMakeFiles/gyrologger.dir/home/dietpi/programming/pico/pico-sdk/src/rp2_common/pico_printf/printf.c.obj
                0x0000000020003bbc                weak_raw_vprintf
 .text          0x0000000020003bec       0x10 CMakeFiles/gyrologger.dir/home/dietpi/programming/pico/pico-sdk/src/rp2_common/pico_bit_ops/bit_ops_aeabi.S.obj
 .text.rom_func_lookup
                0x0000000020003bfc       0x10 CMakeFiles/gyrologger.dir/home/dietpi/programming/pico/pico-sdk/src/rp2_common/pico_bootrom/bootrom.c.obj
                0x0000000020003bfc                rom_func_lookup
 .text.rom_data_lookup
                0x0000000020003c0c       0x10 CMakeFiles/gyrologger.dir/home/dietpi/programming/pico/pico-sdk/src/rp2_common/pico_bootrom/bootrom.c.obj
                0x0000000020003c0c                rom_data_lookup
 .text.rom_funcs_lookup
                0x0000000020003c1c       0x3c CMakeFiles/gyrologger.dir/home/dietpi/programming/pico/pico-sdk/src/rp2_common/pico_bootrom/bootrom.c.obj
                0x0000000020003c1c                rom_funcs_lookup
 .text.__wrap___aeabi_idiv
                0x0000000020003c58       0x50 CMakeFiles/gyrologger.dir/home/dietpi/programming/pico/pico-sdk/src/rp2_common/pico_divider/divider.S.obj
                0x0000000020003c58                __wrap___aeabi_idivmod
                0x0000000020003c58                divmod_s32s32
                0x0000000020003c58                div_s32s32
                0x0000000020003c58                __wrap___aeabi_idiv
                0x0000000020003c60                divmod_s32s32_unsafe
                0x0000000020003c8c                divmod_s32s32_savestate
 .text.__wrap___aeabi_uidiv
                0x0000000020003ca8       0x4c CMakeFiles/gyrologger.dir/home/dietpi/programming/pico/pico-sdk/src/rp2_common/pico_divider/divider.S.obj
                0x0000000020003ca8                __wrap___aeabi_uidiv
                0x0000000020003ca8                __wrap___aeabi_uidivmod
                0x0000000020003ca8                div_u32u32
                0x0000000020003ca8                divmod_u32u32
                0x0000000020003cb0                divmod_u32u32_unsafe
                0x0000000020003cd8                divmod_u32u32_savestate
 .text.__wrap___aeabi_ldiv
                0x0000000020003cf4      0x434 CMakeFiles/gyrologger.dir/home/dietpi/programming/pico/pico-sdk/src/rp2_common/pico_divider/divider.S.obj
                0x0000000020003cf4                div_s64s64
                0x0000000020003cf4                divmod_s64s64
                0x0000000020003cf4                __wrap___aeabi_ldivmod
                0x0000000020003d2c                div_u64u64
                0x0000000020003d2c                divmod_u64u64
                0x0000000020003d2c                __wrap___aeabi_uldivmod
                0x0000000020003d3c                divmod_u64u64_savestate
                0x0000000020003d64                divmod_s64s64_unsafe
                0x0000000020003dec                divmod_u64u64_unsafe
 .text.__wrap___aeabi_darithmetic
                0x0000000020004128       0x80 CMakeFiles/gyrologger.dir/home/dietpi/programming/pico/pico-sdk/src/rp2_common/pico_double/double_aeabi.S.obj
                0x0000000020004128                __wrap___aeabi_drsub
                0x000000002000412e                __wrap___aeabi_dsub
                0x0000000020004140                __wrap___aeabi_dadd
                0x0000000020004152                __wrap___aeabi_ddiv
                0x000000002000418e                __wrap___aeabi_dmul
 .text.__wrap___aeabi_cdcmple
                0x00000000200041a8       0x6c CMakeFiles/gyrologger.dir/home/dietpi/programming/pico/pico-sdk/src/rp2_common/pico_double/double_aeabi.S.obj
                0x00000000200041a8                __wrap___aeabi_cdrcmple
                0x00000000200041b8                __wrap___aeabi_cdcmple
                0x00000000200041b8                __wrap___aeabi_cdcmpeq
 .text.__wrap___aeabi_dcmplt
                0x0000000020004214        0xc CMakeFiles/gyrologger.dir/home/dietpi/programming/pico/pico-sdk/src/rp2_common/pico_double/double_aeabi.S.obj
                0x0000000020004214                __wrap___aeabi_dcmplt
 .text.__wrap___aeabi_dcmpge
                0x0000000020004220       0x10 CMakeFiles/gyrologger.dir/home/dietpi/programming/pico/pico-sdk/src/rp2_common/pico_double/double_aeabi.S.obj
                0x0000000020004220                __wrap___aeabi_dcmpge
 .text.__wrap___aeabi_dcmpgt
                0x0000000020004230        0xa CMakeFiles/gyrologger.dir/home/dietpi/programming/pico/pico-sdk/src/rp2_common/pico_double/double_aeabi.S.obj
                0x0000000020004230                __wrap___aeabi_dcmpgt
 .text.__wrap___aeabi_dcmpun
                0x000000002000423a       0x1c CMakeFiles/gyrologger.dir/home/dietpi/programming/pico/pico-sdk/src/rp2_common/pico_double/double_aeabi.S.obj
                0x000000002000423a                __wrap___aeabi_dcmpun
 *fill*         0x0000000020004256        0x2 
 .text.__wrap___aeabi_i2d
                0x0000000020004258       0x38 CMakeFiles/gyrologger.dir/home/dietpi/programming/pico/pico-sdk/src/rp2_common/pico_double/double_aeabi.S.obj
                0x0000000020004258                __wrap___aeabi_ui2d
                0x0000000020004260                __wrap___aeabi_i2d
 .text.__wrap___aeabi_d2iz
                0x0000000020004290       0x48 CMakeFiles/gyrologger.dir/home/dietpi/programming/pico/pico-sdk/src/rp2_common/pico_double/double_aeabi.S.obj
                0x0000000020004290                __wrap___aeabi_d2iz
                0x0000000020004290                double2int_z
 .text.__wrap___aeabi_d2uiz
                0x00000000200042d8       0x18 CMakeFiles/gyrologger.dir/home/dietpi/programming/pico/pico-sdk/src/rp2_common/pico_double/double_aeabi.S.obj
                0x00000000200042d8                double2uint
                0x00000000200042d8                __wrap___aeabi_d2uiz
 .text.__aeabi_double_init
                0x00000000200042f0       0xbc CMakeFiles/gyrologger.dir/home/dietpi/programming/pico/pico-sdk/src/rp2_common/pico_double/double_init_rom.c.obj
                0x00000000200042f0                __aeabi_double_init
 .text.double_table_shim_on_use_helper
                0x00000000200043ac       0x2c CMakeFiles/gyrologger.dir/home/dietpi/programming/pico/pico-sdk/src/rp2_common/pico_double/double_v1_rom_shim.S.obj
                0x00000000200043ac                double_table_shim_on_use_helper
 .text.__wrap___aeabi_dsub
                0x00000000200043d8       0x10 CMakeFiles/gyrologger.dir/home/dietpi/programming/pico/pico-sdk/src/rp2_common/pico_double/double_v1_rom_shim.S.obj
                0x00000000200043d8                drsub_shim
                0x00000000200043de                dsub_shim
 .text.dadd_shim
                0x00000000200043e8      0x15c CMakeFiles/gyrologger.dir/home/dietpi/programming/pico/pico-sdk/src/rp2_common/pico_double/double_v1_rom_shim.S.obj
                0x00000000200043e8                dadd_shim
 .text.dmul_shim
                0x0000000020004544      0x15c CMakeFiles/gyrologger.dir/home/dietpi/programming/pico/pico-sdk/src/rp2_common/pico_double/double_v1_rom_shim.S.obj
                0x0000000020004544                dmul_shim
 .text.ddiv_shim
                0x00000000200046a0      0x1b0 CMakeFiles/gyrologger.dir/home/dietpi/programming/pico/pico-sdk/src/rp2_common/pico_double/double_v1_rom_shim.S.obj
                0x00000000200046a0                ddiv_shim
 .text.double2uint_shim
                0x0000000020004850        0xe CMakeFiles/gyrologger.dir/home/dietpi/programming/pico/pico-sdk/src/rp2_common/pico_double/double_v1_rom_shim.S.obj
                0x0000000020004850                double2uint_shim
                0x0000000020004852                double2ufix_shim
 *fill*         0x000000002000485e        0x2 
 .text.double2uint64_shim
                0x0000000020004860       0x70 CMakeFiles/gyrologger.dir/home/dietpi/programming/pico/pico-sdk/src/rp2_common/pico_double/double_v1_rom_shim.S.obj
                0x0000000020004860                double2uint64_shim
                0x0000000020004862                double2ufix64_shim
                0x0000000020004882                d2fix_a
 .text.dunpacks
                0x00000000200048d0       0x3c CMakeFiles/gyrologger.dir/home/dietpi/programming/pico/pico-sdk/src/rp2_common/pico_double/double_v1_rom_shim.S.obj
                0x00000000200048d0                dunpacks
 .text.__aeabi_lmul
                0x000000002000490c       0x32 CMakeFiles/gyrologger.dir/home/dietpi/programming/pico/pico-sdk/src/rp2_common/pico_int64_ops/pico_int64_ops_aeabi.S.obj
                0x000000002000490c                __wrap___aeabi_lmul
 *fill*         0x000000002000493e        0x2 
 .text.__aeabi_float_init
                0x0000000020004940       0x68 CMakeFiles/gyrologger.dir/home/dietpi/programming/pico/pico-sdk/src/rp2_common/pico_float/float_init_rom.c.obj
                0x0000000020004940                __aeabi_float_init
 .text.float_table_shim_on_use_helper
                0x00000000200049a8       0x2c CMakeFiles/gyrologger.dir/home/dietpi/programming/pico/pico-sdk/src/rp2_common/pico_float/float_v1_rom_shim.S.obj
                0x00000000200049a8                float_table_shim_on_use_helper
 .text.__wrap_calloc
                0x00000000200049d4       0x40 CMakeFiles/gyrologger.dir/home/dietpi/programming/pico/pico-sdk/src/rp2_common/pico_malloc/pico_malloc.c.obj
                0x00000000200049d4                __wrap_calloc
 .text          0x0000000020004a14       0x10 CMakeFiles/gyrologger.dir/home/dietpi/programming/pico/pico-sdk/src/rp2_common/pico_mem_ops/mem_ops_aeabi.S.obj
                0x0000000020004a14                __aeabi_mem_init
 .text.memset   0x0000000020004a24        0xc CMakeFiles/gyrologger.dir/home/dietpi/programming/pico/pico-sdk/src/rp2_common/pico_mem_ops/mem_ops_aeabi.S.obj
                0x0000000020004a24                __wrap_memset
 .text.memcpy   0x0000000020004a30        0xc CMakeFiles/gyrologger.dir/home/dietpi/programming/pico/pico-sdk/src/rp2_common/pico_mem_ops/mem_ops_aeabi.S.obj
                0x0000000020004a30                __wrap___aeabi_memcpy
                0x0000000020004a30                __wrap_memcpy
 .text.stdio_out_chars_no_crlf
                0x0000000020004a3c       0x10 CMakeFiles/gyrologger.dir/home/dietpi/programming/pico/pico-sdk/src/rp2_common/pico_stdio/stdio.c.obj
 .text.stdio_out_chars_crlf
                0x0000000020004a4c       0xac CMakeFiles/gyrologger.dir/home/dietpi/programming/pico/pico-sdk/src/rp2_common/pico_stdio/stdio.c.obj
 .text.stdio_stack_buffer_flush.part.1
                0x0000000020004af8       0xe8 CMakeFiles/gyrologger.dir/home/dietpi/programming/pico/pico-sdk/src/rp2_common/pico_stdio/stdio.c.obj
 .text.stdio_buffered_printer
                0x0000000020004be0       0x20 CMakeFiles/gyrologger.dir/home/dietpi/programming/pico/pico-sdk/src/rp2_common/pico_stdio/stdio.c.obj
 .text.stdio_put_string
                0x0000000020004c00       0xf8 CMakeFiles/gyrologger.dir/home/dietpi/programming/pico/pico-sdk/src/rp2_common/pico_stdio/stdio.c.obj
 .text.__wrap_putchar
                0x0000000020004cf8       0xa4 CMakeFiles/gyrologger.dir/home/dietpi/programming/pico/pico-sdk/src/rp2_common/pico_stdio/stdio.c.obj
                0x0000000020004cf8                __wrap_putchar
 .text.__wrap_puts
                0x0000000020004d9c       0x3c CMakeFiles/gyrologger.dir/home/dietpi/programming/pico/pico-sdk/src/rp2_common/pico_stdio/stdio.c.obj
                0x0000000020004d9c                __wrap_puts
 .text.stdio_set_driver_enabled
                0x0000000020004dd8       0x3c CMakeFiles/gyrologger.dir/home/dietpi/programming/pico/pico-sdk/src/rp2_common/pico_stdio/stdio.c.obj
                0x0000000020004dd8                stdio_set_driver_enabled
 .text.__wrap_vprintf
                0x0000000020004e14       0x98 CMakeFiles/gyrologger.dir/home/dietpi/programming/pico/pico-sdk/src/rp2_common/pico_stdio/stdio.c.obj
                0x0000000020004e14                __wrap_vprintf
 .text.__wrap_printf
                0x0000000020004eac       0x18 CMakeFiles/gyrologger.dir/home/dietpi/programming/pico/pico-sdk/src/rp2_common/pico_stdio/stdio.c.obj
                0x0000000020004eac                __wrap_printf
 .text.stdio_init_all
                0x0000000020004ec4        0x8 CMakeFiles/gyrologger.dir/home/dietpi/programming/pico/pico-sdk/src/rp2_common/pico_stdio/stdio.c.obj
                0x0000000020004ec4                stdio_init_all
 .text.resetd_init
                0x0000000020004ecc        0x4 CMakeFiles/gyrologger.dir/home/dietpi/programming/pico/pico-sdk/src/rp2_common/pico_stdio_usb/reset_interface.c.obj
 .text.resetd_reset
                0x0000000020004ed0        0xc CMakeFiles/gyrologger.dir/home/dietpi/programming/pico/pico-sdk/src/rp2_common/pico_stdio_usb/reset_interface.c.obj
 .text.resetd_open
                0x0000000020004edc       0x28 CMakeFiles/gyrologger.dir/home/dietpi/programming/pico/pico-sdk/src/rp2_common/pico_stdio_usb/reset_interface.c.obj
 .text.resetd_xfer_cb
                0x0000000020004f04        0x4 CMakeFiles/gyrologger.dir/home/dietpi/programming/pico/pico-sdk/src/rp2_common/pico_stdio_usb/reset_interface.c.obj
 .text.resetd_control_xfer_cb
                0x0000000020004f08       0x64 CMakeFiles/gyrologger.dir/home/dietpi/programming/pico/pico-sdk/src/rp2_common/pico_stdio_usb/reset_interface.c.obj
 .text.usbd_app_driver_get_cb
                0x0000000020004f6c        0xc CMakeFiles/gyrologger.dir/home/dietpi/programming/pico/pico-sdk/src/rp2_common/pico_stdio_usb/reset_interface.c.obj
                0x0000000020004f6c                usbd_app_driver_get_cb
 .text.tud_cdc_line_coding_cb
                0x0000000020004f78       0x34 CMakeFiles/gyrologger.dir/home/dietpi/programming/pico/pico-sdk/src/rp2_common/pico_stdio_usb/reset_interface.c.obj
                0x0000000020004f78                tud_cdc_line_coding_cb
 .text.stdio_usb_in_chars
                0x0000000020004fac       0x68 CMakeFiles/gyrologger.dir/home/dietpi/programming/pico/pico-sdk/src/rp2_common/pico_stdio_usb/stdio_usb.c.obj
                0x0000000020004fac                stdio_usb_in_chars
 .text.stdio_usb_out_chars
                0x0000000020005014       0xf0 CMakeFiles/gyrologger.dir/home/dietpi/programming/pico/pico-sdk/src/rp2_common/pico_stdio_usb/stdio_usb.c.obj
 .text.timer_task
                0x0000000020005104       0x10 CMakeFiles/gyrologger.dir/home/dietpi/programming/pico/pico-sdk/src/rp2_common/pico_stdio_usb/stdio_usb.c.obj
 .text.low_priority_worker_irq
                0x0000000020005114       0x24 CMakeFiles/gyrologger.dir/home/dietpi/programming/pico/pico-sdk/src/rp2_common/pico_stdio_usb/stdio_usb.c.obj
 .text.stdio_usb_init
                0x0000000020005138       0x8c CMakeFiles/gyrologger.dir/home/dietpi/programming/pico/pico-sdk/src/rp2_common/pico_stdio_usb/stdio_usb.c.obj
                0x0000000020005138                stdio_usb_init
 .text.tud_descriptor_device_cb
                0x00000000200051c4        0x8 CMakeFiles/gyrologger.dir/home/dietpi/programming/pico/pico-sdk/src/rp2_common/pico_stdio_usb/stdio_usb_descriptors.c.obj
                0x00000000200051c4                tud_descriptor_device_cb
 .text.tud_descriptor_configuration_cb
                0x00000000200051cc        0x8 CMakeFiles/gyrologger.dir/home/dietpi/programming/pico/pico-sdk/src/rp2_common/pico_stdio_usb/stdio_usb_descriptors.c.obj
                0x00000000200051cc                tud_descriptor_configuration_cb
 .text.tud_descriptor_string_cb
                0x00000000200051d4       0x70 CMakeFiles/gyrologger.dir/home/dietpi/programming/pico/pico-sdk/src/rp2_common/pico_stdio_usb/stdio_usb_descriptors.c.obj
                0x00000000200051d4                tud_descriptor_string_cb
 .text.dcd_rp2040_irq
                0x0000000020005244      0x21c CMakeFiles/gyrologger.dir/home/dietpi/programming/pico/pico-sdk/lib/tinyusb/src/portable/raspberrypi/rp2040/dcd_rp2040.c.obj
 .text.dcd_int_enable
                0x0000000020005460        0xc CMakeFiles/gyrologger.dir/home/dietpi/programming/pico/pico-sdk/lib/tinyusb/src/portable/raspberrypi/rp2040/dcd_rp2040.c.obj
                0x0000000020005460                dcd_int_enable
 .text.dcd_set_address
                0x000000002000546c       0x14 CMakeFiles/gyrologger.dir/home/dietpi/programming/pico/pico-sdk/lib/tinyusb/src/portable/raspberrypi/rp2040/dcd_rp2040.c.obj
                0x000000002000546c                dcd_set_address
 .text.dcd_connect
                0x0000000020005480       0x10 CMakeFiles/gyrologger.dir/home/dietpi/programming/pico/pico-sdk/lib/tinyusb/src/portable/raspberrypi/rp2040/dcd_rp2040.c.obj
                0x0000000020005480                dcd_connect
 .text.dcd_init
                0x0000000020005490      0x144 CMakeFiles/gyrologger.dir/home/dietpi/programming/pico/pico-sdk/lib/tinyusb/src/portable/raspberrypi/rp2040/dcd_rp2040.c.obj
                0x0000000020005490                dcd_init
 .text.dcd_edpt0_status_complete
                0x00000000200055d4       0x1c CMakeFiles/gyrologger.dir/home/dietpi/programming/pico/pico-sdk/lib/tinyusb/src/portable/raspberrypi/rp2040/dcd_rp2040.c.obj
                0x00000000200055d4                dcd_edpt0_status_complete
 .text.dcd_edpt_open
                0x00000000200055f0       0xe4 CMakeFiles/gyrologger.dir/home/dietpi/programming/pico/pico-sdk/lib/tinyusb/src/portable/raspberrypi/rp2040/dcd_rp2040.c.obj
                0x00000000200055f0                dcd_edpt_open
 .text.dcd_edpt_close_all
                0x00000000200056d4       0xbc CMakeFiles/gyrologger.dir/home/dietpi/programming/pico/pico-sdk/lib/tinyusb/src/portable/raspberrypi/rp2040/dcd_rp2040.c.obj
                0x00000000200056d4                dcd_edpt_close_all
 .text.dcd_edpt_xfer
                0x0000000020005790       0x24 CMakeFiles/gyrologger.dir/home/dietpi/programming/pico/pico-sdk/lib/tinyusb/src/portable/raspberrypi/rp2040/dcd_rp2040.c.obj
                0x0000000020005790                dcd_edpt_xfer
 .text.dcd_edpt_stall
                0x00000000200057b4       0x34 CMakeFiles/gyrologger.dir/home/dietpi/programming/pico/pico-sdk/lib/tinyusb/src/portable/raspberrypi/rp2040/dcd_rp2040.c.obj
                0x00000000200057b4                dcd_edpt_stall
 .text.dcd_edpt_clear_stall
                0x00000000200057e8       0x2c CMakeFiles/gyrologger.dir/home/dietpi/programming/pico/pico-sdk/lib/tinyusb/src/portable/raspberrypi/rp2040/dcd_rp2040.c.obj
                0x00000000200057e8                dcd_edpt_clear_stall
 .text._hw_endpoint_buffer_control_update32.part.2
                0x0000000020005814       0x20 CMakeFiles/gyrologger.dir/home/dietpi/programming/pico/pico-sdk/lib/tinyusb/src/portable/raspberrypi/rp2040/rp2040_usb.c.obj
 .text.rp2040_usb_init
                0x0000000020005834       0x4c CMakeFiles/gyrologger.dir/home/dietpi/programming/pico/pico-sdk/lib/tinyusb/src/portable/raspberrypi/rp2040/rp2040_usb.c.obj
                0x0000000020005834                rp2040_usb_init
 .text.hw_endpoint_reset_transfer
                0x0000000020005880        0xc CMakeFiles/gyrologger.dir/home/dietpi/programming/pico/pico-sdk/lib/tinyusb/src/portable/raspberrypi/rp2040/rp2040_usb.c.obj
                0x0000000020005880                hw_endpoint_reset_transfer
 .text._hw_endpoint_buffer_control_update32
                0x000000002000588c       0x40 CMakeFiles/gyrologger.dir/home/dietpi/programming/pico/pico-sdk/lib/tinyusb/src/portable/raspberrypi/rp2040/rp2040_usb.c.obj
                0x000000002000588c                _hw_endpoint_buffer_control_update32
 .text.hw_endpoint_xfer_start
                0x00000000200058cc      0x138 CMakeFiles/gyrologger.dir/home/dietpi/programming/pico/pico-sdk/lib/tinyusb/src/portable/raspberrypi/rp2040/rp2040_usb.c.obj
                0x00000000200058cc                hw_endpoint_xfer_start
 .text.hw_endpoint_xfer_continue
                0x0000000020005a04      0x1e0 CMakeFiles/gyrologger.dir/home/dietpi/programming/pico/pico-sdk/lib/tinyusb/src/portable/raspberrypi/rp2040/rp2040_usb.c.obj
                0x0000000020005a04                hw_endpoint_xfer_continue
 .text.tud_mounted
                0x0000000020005be4       0x10 CMakeFiles/gyrologger.dir/home/dietpi/programming/pico/pico-sdk/lib/tinyusb/src/device/usbd.c.obj
                0x0000000020005be4                tud_mounted
 .text.tud_suspended
                0x0000000020005bf4       0x10 CMakeFiles/gyrologger.dir/home/dietpi/programming/pico/pico-sdk/lib/tinyusb/src/device/usbd.c.obj
                0x0000000020005bf4                tud_suspended
 .text.tud_inited
                0x0000000020005c04        0xc CMakeFiles/gyrologger.dir/home/dietpi/programming/pico/pico-sdk/lib/tinyusb/src/device/usbd.c.obj
                0x0000000020005c04                tud_inited
 .text.tud_init
                0x0000000020005c10       0xd4 CMakeFiles/gyrologger.dir/home/dietpi/programming/pico/pico-sdk/lib/tinyusb/src/device/usbd.c.obj
                0x0000000020005c10                tud_init
 .text.tud_task
                0x0000000020005ce4      0x928 CMakeFiles/gyrologger.dir/home/dietpi/programming/pico/pico-sdk/lib/tinyusb/src/device/usbd.c.obj
                0x0000000020005ce4                tud_task
 .text.dcd_event_bus_signal
                0x000000002000660c      0x124 CMakeFiles/gyrologger.dir/home/dietpi/programming/pico/pico-sdk/lib/tinyusb/src/device/usbd.c.obj
                0x000000002000660c                dcd_event_bus_signal
 .text.dcd_event_bus_reset
                0x0000000020006730       0x58 CMakeFiles/gyrologger.dir/home/dietpi/programming/pico/pico-sdk/lib/tinyusb/src/device/usbd.c.obj
                0x0000000020006730                dcd_event_bus_reset
 .text.dcd_event_setup_received
                0x0000000020006788       0x50 CMakeFiles/gyrologger.dir/home/dietpi/programming/pico/pico-sdk/lib/tinyusb/src/device/usbd.c.obj
                0x0000000020006788                dcd_event_setup_received
 .text.dcd_event_xfer_complete
                0x00000000200067d8       0x68 CMakeFiles/gyrologger.dir/home/dietpi/programming/pico/pico-sdk/lib/tinyusb/src/device/usbd.c.obj
                0x00000000200067d8                dcd_event_xfer_complete
 .text.usbd_open_edpt_pair
                0x0000000020006840       0x9c CMakeFiles/gyrologger.dir/home/dietpi/programming/pico/pico-sdk/lib/tinyusb/src/device/usbd.c.obj
                0x0000000020006840                usbd_open_edpt_pair
 .text.usbd_edpt_open
                0x00000000200068dc       0x30 CMakeFiles/gyrologger.dir/home/dietpi/programming/pico/pico-sdk/lib/tinyusb/src/device/usbd.c.obj
                0x00000000200068dc                usbd_edpt_open
 .text.usbd_edpt_claim
                0x000000002000690c       0x60 CMakeFiles/gyrologger.dir/home/dietpi/programming/pico/pico-sdk/lib/tinyusb/src/device/usbd.c.obj
                0x000000002000690c                usbd_edpt_claim
 .text.usbd_edpt_release
                0x000000002000696c       0x4c CMakeFiles/gyrologger.dir/home/dietpi/programming/pico/pico-sdk/lib/tinyusb/src/device/usbd.c.obj
                0x000000002000696c                usbd_edpt_release
 .text.usbd_edpt_xfer
                0x00000000200069b8       0x48 CMakeFiles/gyrologger.dir/home/dietpi/programming/pico/pico-sdk/lib/tinyusb/src/device/usbd.c.obj
                0x00000000200069b8                usbd_edpt_xfer
 .text.tud_control_status
                0x0000000020006a00       0x30 CMakeFiles/gyrologger.dir/home/dietpi/programming/pico/pico-sdk/lib/tinyusb/src/device/usbd_control.c.obj
                0x0000000020006a00                tud_control_status
 .text.tud_control_xfer
                0x0000000020006a30       0xb4 CMakeFiles/gyrologger.dir/home/dietpi/programming/pico/pico-sdk/lib/tinyusb/src/device/usbd_control.c.obj
                0x0000000020006a30                tud_control_xfer
 .text.usbd_control_reset
                0x0000000020006ae4       0x14 CMakeFiles/gyrologger.dir/home/dietpi/programming/pico/pico-sdk/lib/tinyusb/src/device/usbd_control.c.obj
                0x0000000020006ae4                usbd_control_reset
 .text.usbd_control_set_complete_callback
                0x0000000020006af8        0xc CMakeFiles/gyrologger.dir/home/dietpi/programming/pico/pico-sdk/lib/tinyusb/src/device/usbd_control.c.obj
                0x0000000020006af8                usbd_control_set_complete_callback
 .text.usbd_control_set_request
                0x0000000020006b04       0x1c CMakeFiles/gyrologger.dir/home/dietpi/programming/pico/pico-sdk/lib/tinyusb/src/device/usbd_control.c.obj
                0x0000000020006b04                usbd_control_set_request
 .text.usbd_control_xfer_cb
                0x0000000020006b20       0xfc CMakeFiles/gyrologger.dir/home/dietpi/programming/pico/pico-sdk/lib/tinyusb/src/device/usbd_control.c.obj
                0x0000000020006b20                usbd_control_xfer_cb
 .text.tud_cdc_n_connected
                0x0000000020006c1c       0x30 CMakeFiles/gyrologger.dir/home/dietpi/programming/pico/pico-sdk/lib/tinyusb/src/class/cdc/cdc_device.c.obj
                0x0000000020006c1c                tud_cdc_n_connected
 .text.tud_cdc_n_available
                0x0000000020006c4c       0x18 CMakeFiles/gyrologger.dir/home/dietpi/programming/pico/pico-sdk/lib/tinyusb/src/class/cdc/cdc_device.c.obj
                0x0000000020006c4c                tud_cdc_n_available
 .text.tud_cdc_n_read
                0x0000000020006c64       0x70 CMakeFiles/gyrologger.dir/home/dietpi/programming/pico/pico-sdk/lib/tinyusb/src/class/cdc/cdc_device.c.obj
                0x0000000020006c64                tud_cdc_n_read
 .text.tud_cdc_n_write_flush
                0x0000000020006cd4       0x78 CMakeFiles/gyrologger.dir/home/dietpi/programming/pico/pico-sdk/lib/tinyusb/src/class/cdc/cdc_device.c.obj
                0x0000000020006cd4                tud_cdc_n_write_flush
 .text.tud_cdc_n_write
                0x0000000020006d4c       0x34 CMakeFiles/gyrologger.dir/home/dietpi/programming/pico/pico-sdk/lib/tinyusb/src/class/cdc/cdc_device.c.obj
                0x0000000020006d4c                tud_cdc_n_write
 .text.tud_cdc_n_write_available
                0x0000000020006d80       0x18 CMakeFiles/gyrologger.dir/home/dietpi/programming/pico/pico-sdk/lib/tinyusb/src/class/cdc/cdc_device.c.obj
                0x0000000020006d80                tud_cdc_n_write_available
 .text.cdcd_init
                0x0000000020006d98       0x7c CMakeFiles/gyrologger.dir/home/dietpi/programming/pico/pico-sdk/lib/tinyusb/src/class/cdc/cdc_device.c.obj
                0x0000000020006d98                cdcd_init
 .text.cdcd_reset
                0x0000000020006e14       0x2c CMakeFiles/gyrologger.dir/home/dietpi/programming/pico/pico-sdk/lib/tinyusb/src/class/cdc/cdc_device.c.obj
                0x0000000020006e14                cdcd_reset
 .text.cdcd_open
                0x0000000020006e40       0xe4 CMakeFiles/gyrologger.dir/home/dietpi/programming/pico/pico-sdk/lib/tinyusb/src/class/cdc/cdc_device.c.obj
                0x0000000020006e40                cdcd_open
 .text.cdcd_control_xfer_cb
                0x0000000020006f24       0xdc CMakeFiles/gyrologger.dir/home/dietpi/programming/pico/pico-sdk/lib/tinyusb/src/class/cdc/cdc_device.c.obj
                0x0000000020006f24                cdcd_control_xfer_cb
 .text.cdcd_xfer_cb
                0x0000000020007000      0x19c CMakeFiles/gyrologger.dir/home/dietpi/programming/pico/pico-sdk/lib/tinyusb/src/class/cdc/cdc_device.c.obj
                0x0000000020007000                cdcd_xfer_cb
 .text.tusb_init
                0x000000002000719c        0xc CMakeFiles/gyrologger.dir/home/dietpi/programming/pico/pico-sdk/lib/tinyusb/src/tusb.c.obj
                0x000000002000719c                tusb_init
 .text.tusb_inited
                0x00000000200071a8        0x8 CMakeFiles/gyrologger.dir/home/dietpi/programming/pico/pico-sdk/lib/tinyusb/src/tusb.c.obj
                0x00000000200071a8                tusb_inited
 .text.tu_edpt_validate
                0x00000000200071b0       0x74 CMakeFiles/gyrologger.dir/home/dietpi/programming/pico/pico-sdk/lib/tinyusb/src/tusb.c.obj
                0x00000000200071b0                tu_edpt_validate
 .text.tu_edpt_bind_driver
                0x0000000020007224       0x2c CMakeFiles/gyrologger.dir/home/dietpi/programming/pico/pico-sdk/lib/tinyusb/src/tusb.c.obj
                0x0000000020007224                tu_edpt_bind_driver
 .text.tu_fifo_config
                0x0000000020007250       0x78 CMakeFiles/gyrologger.dir/home/dietpi/programming/pico/pico-sdk/lib/tinyusb/src/common/tusb_fifo.c.obj
                0x0000000020007250                tu_fifo_config
 .text.tu_fifo_count
                0x00000000200072c8       0x24 CMakeFiles/gyrologger.dir/home/dietpi/programming/pico/pico-sdk/lib/tinyusb/src/common/tusb_fifo.c.obj
                0x00000000200072c8                tu_fifo_count
 .text.tu_fifo_empty
                0x00000000200072ec       0x10 CMakeFiles/gyrologger.dir/home/dietpi/programming/pico/pico-sdk/lib/tinyusb/src/common/tusb_fifo.c.obj
                0x00000000200072ec                tu_fifo_empty
 .text.tu_fifo_remaining
                0x00000000200072fc       0x20 CMakeFiles/gyrologger.dir/home/dietpi/programming/pico/pico-sdk/lib/tinyusb/src/common/tusb_fifo.c.obj
                0x00000000200072fc                tu_fifo_remaining
 .text.tu_fifo_read
                0x000000002000731c       0xa0 CMakeFiles/gyrologger.dir/home/dietpi/programming/pico/pico-sdk/lib/tinyusb/src/common/tusb_fifo.c.obj
                0x000000002000731c                tu_fifo_read
 .text.tu_fifo_read_n
                0x00000000200073bc       0xf8 CMakeFiles/gyrologger.dir/home/dietpi/programming/pico/pico-sdk/lib/tinyusb/src/common/tusb_fifo.c.obj
                0x00000000200073bc                tu_fifo_read_n
 .text.tu_fifo_write
                0x00000000200074b4       0x80 CMakeFiles/gyrologger.dir/home/dietpi/programming/pico/pico-sdk/lib/tinyusb/src/common/tusb_fifo.c.obj
                0x00000000200074b4                tu_fifo_write
 .text.tu_fifo_write_n
                0x0000000020007534       0xfc CMakeFiles/gyrologger.dir/home/dietpi/programming/pico/pico-sdk/lib/tinyusb/src/common/tusb_fifo.c.obj
                0x0000000020007534                tu_fifo_write_n
 .text.tu_fifo_clear
                0x0000000020007630       0x4c CMakeFiles/gyrologger.dir/home/dietpi/programming/pico/pico-sdk/lib/tinyusb/src/common/tusb_fifo.c.obj
                0x0000000020007630                tu_fifo_clear
 .text.tu_fifo_set_overwritable
                0x000000002000767c       0x3c CMakeFiles/gyrologger.dir/home/dietpi/programming/pico/pico-sdk/lib/tinyusb/src/common/tusb_fifo.c.obj
                0x000000002000767c                tu_fifo_set_overwritable
 .text.startup._retrieve_unique_id_on_boot
                0x00000000200076b8       0x14 CMakeFiles/gyrologger.dir/home/dietpi/programming/pico/pico-sdk/src/rp2_common/pico_unique_id/unique_id.c.obj
 .text.pico_get_unique_board_id_string
                0x00000000200076cc      0x1cc CMakeFiles/gyrologger.dir/home/dietpi/programming/pico/pico-sdk/src/rp2_common/pico_unique_id/unique_id.c.obj
                0x00000000200076cc                pico_get_unique_board_id_string
 .text.spi_init
                0x0000000020007898       0xf4 CMakeFiles/gyrologger.dir/home/dietpi/programming/pico/pico-sdk/src/rp2_common/hardware_spi/spi.c.obj
                0x0000000020007898                spi_init
 .text.spi_set_baudrate
                0x000000002000798c       0x94 CMakeFiles/gyrologger.dir/home/dietpi/programming/pico/pico-sdk/src/rp2_common/hardware_spi/spi.c.obj
                0x000000002000798c                spi_set_baudrate
 .text.core1_trampoline
                0x0000000020007a20        0x4 CMakeFiles/gyrologger.dir/home/dietpi/programming/pico/pico-sdk/src/rp2_common/pico_multicore/multicore.c.obj
 .text.core1_wrapper
                0x0000000020007a24        0xc CMakeFiles/gyrologger.dir/home/dietpi/programming/pico/pico-sdk/src/rp2_common/pico_multicore/multicore.c.obj
                0x0000000020007a24                core1_wrapper
 .text.multicore_launch_core1
                0x0000000020007a30       0xc0 CMakeFiles/gyrologger.dir/home/dietpi/programming/pico/pico-sdk/src/rp2_common/pico_multicore/multicore.c.obj
                0x0000000020007a30                multicore_launch_core1
 .text          0x0000000020007af0        0x4 /usr/lib/gcc/arm-none-eabi/8.3.1/thumb/v6-m/nofp/libgcc.a(_dvmd_tls.o)
                0x0000000020007af0                __aeabi_ldiv0
                0x0000000020007af0                __aeabi_idiv0
 .text          0x0000000020007af4       0x18 /usr/lib/gcc/arm-none-eabi/8.3.1/../../../arm-none-eabi/lib/thumb/v6-m/nofp/libc.a(lib_a-calloc.o)
                0x0000000020007af4                calloc
 .text          0x0000000020007b0c       0x5c /usr/lib/gcc/arm-none-eabi/8.3.1/../../../arm-none-eabi/lib/thumb/v6-m/nofp/libc.a(lib_a-callocr.o)
                0x0000000020007b0c                _calloc_r
 .text          0x0000000020007b68      0x58c /usr/lib/gcc/arm-none-eabi/8.3.1/../../../arm-none-eabi/lib/thumb/v6-m/nofp/libc.a(lib_a-mallocr.o)
                0x0000000020007b68                _malloc_r
 .text          0x00000000200080f4        0x8 /usr/lib/gcc/arm-none-eabi/8.3.1/../../../arm-none-eabi/lib/thumb/v6-m/nofp/libc.a(lib_a-mlock.o)
                0x00000000200080f4                __malloc_lock
                0x00000000200080f8                __malloc_unlock
 .text          0x00000000200080fc       0x24 /usr/lib/gcc/arm-none-eabi/8.3.1/../../../arm-none-eabi/lib/thumb/v6-m/nofp/libc.a(lib_a-sbrkr.o)
                0x00000000200080fc                _sbrk_r
 .text          0x0000000020008120       0x68 /usr/lib/gcc/arm-none-eabi/8.3.1/../../../arm-none-eabi/lib/thumb/v6-m/nofp/libc.a(lib_a-strlen-stub.o)
                0x0000000020008120                strlen
 .text          0x0000000020008188      0x27c /usr/lib/gcc/arm-none-eabi/8.3.1/../../../arm-none-eabi/lib/thumb/v6-m/nofp/libc.a(lib_a-freer.o)
                0x0000000020008188                _malloc_trim_r
                0x0000000020008228                _free_r
                0x0000000020008404                . = ALIGN (0x4)
 *(.init)
 *(.fini)
 *crtbegin.o(.ctors)
 *crtbegin?.o(.ctors)
 *(EXCLUDE_FILE(*crtend.o *crtend?.o) .ctors)
 *(SORT_BY_NAME(.ctors.*))
 *(.ctors)
 *crtbegin.o(.dtors)
 *crtbegin?.o(.dtors)
 *(EXCLUDE_FILE(*crtend.o *crtend?.o) .dtors)
 *(SORT_BY_NAME(.dtors.*))
 *(.dtors)
 *(.eh_frame*)

.glue_7         0x0000000020008404        0x0
 .glue_7        0x0000000020008404        0x0 linker stubs

.glue_7t        0x0000000020008404        0x0
 .glue_7t       0x0000000020008404        0x0 linker stubs

.vfp11_veneer   0x0000000020008404        0x0
 .vfp11_veneer  0x0000000020008404        0x0 linker stubs

.v4_bx          0x0000000020008404        0x0
 .v4_bx         0x0000000020008404        0x0 linker stubs

.iplt           0x0000000020008404        0x0
 .iplt          0x0000000020008404        0x0 CMakeFiles/gyrologger.dir/gyrologger.cpp.obj

.rodata         0x0000000020008408      0x5ec
 *(.rodata*)
 .rodata._Z11core1_entryv.str1.4
                0x0000000020008408       0x14 CMakeFiles/gyrologger.dir/gyrologger.cpp.obj
 .rodata._ZL9setConfighh.str1.4
                0x000000002000841c       0x3f CMakeFiles/gyrologger.dir/gyrologger.cpp.obj
 *fill*         0x000000002000845b        0x1 
 .rodata._ZZ4mainE8__bi_262
                0x000000002000845c        0x8 CMakeFiles/gyrologger.dir/gyrologger.cpp.obj
 .rodata._ZZ4mainE8__bi_269
                0x0000000020008464        0xc CMakeFiles/gyrologger.dir/gyrologger.cpp.obj
 .rodata.main.str1.4
                0x0000000020008470       0x7b CMakeFiles/gyrologger.dir/gyrologger.cpp.obj
                                         0x80 (size before relaxing)
 *fill*         0x00000000200084eb        0x1 
 .rodata.str1.4
                0x00000000200084ec        0x7 CMakeFiles/gyrologger.dir/gyrologger.cpp.obj
 *fill*         0x00000000200084f3        0x1 
 .rodata.spin_lock_claim_unused.str1.4
                0x00000000200084f4       0x1b CMakeFiles/gyrologger.dir/home/dietpi/programming/pico/pico-sdk/src/rp2_common/hardware_sync/sync.c.obj
 *fill*         0x000000002000850f        0x1 
 .rodata.hardware_alarm_claim.str1.4
                0x0000000020008510       0x22 CMakeFiles/gyrologger.dir/home/dietpi/programming/pico/pico-sdk/src/rp2_common/hardware_timer/timer.c.obj
 *fill*         0x0000000020008532        0x2 
 .rodata.hard_assertion_failure.str1.4
                0x0000000020008534        0xc CMakeFiles/gyrologger.dir/home/dietpi/programming/pico/pico-sdk/src/rp2_common/pico_runtime/runtime.c.obj
 .rodata.panic.str1.4
                0x0000000020008540       0x10 CMakeFiles/gyrologger.dir/home/dietpi/programming/pico/pico-sdk/src/rp2_common/pico_runtime/runtime.c.obj
                                         0x12 (size before relaxing)
 .rodata._vsnprintf
                0x0000000020008550      0x1e0 CMakeFiles/gyrologger.dir/home/dietpi/programming/pico/pico-sdk/src/rp2_common/pico_printf/printf.c.obj
 .rodata._ftoa.str1.4
                0x0000000020008730       0x15 CMakeFiles/gyrologger.dir/home/dietpi/programming/pico/pico-sdk/src/rp2_common/pico_printf/printf.c.obj
 *fill*         0x0000000020008745        0x3 
 .rodata.pow10.5485
                0x0000000020008748       0x50 CMakeFiles/gyrologger.dir/home/dietpi/programming/pico/pico-sdk/src/rp2_common/pico_printf/printf.c.obj
 .rodata.__wrap_malloc.str1.4
                0x0000000020008798        0xe CMakeFiles/gyrologger.dir/home/dietpi/programming/pico/pico-sdk/src/rp2_common/pico_malloc/pico_malloc.c.obj
 *fill*         0x00000000200087a6        0x2 
 .rodata.__bi_44
                0x00000000200087a8        0xc CMakeFiles/gyrologger.dir/home/dietpi/programming/pico/pico-sdk/src/rp2_common/pico_standard_link/binary_info.c.obj
 .rodata.__bi_56
                0x00000000200087b4        0xc CMakeFiles/gyrologger.dir/home/dietpi/programming/pico/pico-sdk/src/rp2_common/pico_standard_link/binary_info.c.obj
 .rodata.__bi_81
                0x00000000200087c0        0xc CMakeFiles/gyrologger.dir/home/dietpi/programming/pico/pico-sdk/src/rp2_common/pico_standard_link/binary_info.c.obj
 .rodata.str1.4
                0x00000000200087cc       0x34 CMakeFiles/gyrologger.dir/home/dietpi/programming/pico/pico-sdk/src/rp2_common/pico_standard_link/binary_info.c.obj
 .rodata.crlf_str.5954
                0x0000000020008800        0x2 CMakeFiles/gyrologger.dir/home/dietpi/programming/pico/pico-sdk/src/rp2_common/pico_stdio/stdio.c.obj
 *fill*         0x0000000020008802        0x2 
 .rodata._resetd_driver
                0x0000000020008804       0x18 CMakeFiles/gyrologger.dir/home/dietpi/programming/pico/pico-sdk/src/rp2_common/pico_stdio_usb/reset_interface.c.obj
 .rodata.__bi_93.7232
                0x000000002000881c        0xc CMakeFiles/gyrologger.dir/home/dietpi/programming/pico/pico-sdk/src/rp2_common/pico_stdio_usb/stdio_usb.c.obj
 .rodata.str1.4
                0x0000000020008828       0x13 CMakeFiles/gyrologger.dir/home/dietpi/programming/pico/pico-sdk/src/rp2_common/pico_stdio_usb/stdio_usb.c.obj
 *fill*         0x000000002000883b        0x1 
 .rodata.str1.4
                0x000000002000883c       0x2a CMakeFiles/gyrologger.dir/home/dietpi/programming/pico/pico-sdk/src/rp2_common/pico_stdio_usb/stdio_usb_descriptors.c.obj
 *fill*         0x0000000020008866        0x2 
 .rodata.usbd_desc_cfg
                0x0000000020008868       0x54 CMakeFiles/gyrologger.dir/home/dietpi/programming/pico/pico-sdk/src/rp2_common/pico_stdio_usb/stdio_usb_descriptors.c.obj
 .rodata.usbd_desc_device
                0x00000000200088bc       0x12 CMakeFiles/gyrologger.dir/home/dietpi/programming/pico/pico-sdk/src/rp2_common/pico_stdio_usb/stdio_usb_descriptors.c.obj
 *fill*         0x00000000200088ce        0x2 
 .rodata.usbd_desc_str
                0x00000000200088d0       0x18 CMakeFiles/gyrologger.dir/home/dietpi/programming/pico/pico-sdk/src/rp2_common/pico_stdio_usb/stdio_usb_descriptors.c.obj
 .rodata.dcd_rp2040_irq.str1.4
                0x00000000200088e8       0x14 CMakeFiles/gyrologger.dir/home/dietpi/programming/pico/pico-sdk/lib/tinyusb/src/portable/raspberrypi/rp2040/dcd_rp2040.c.obj
 .rodata._hw_endpoint_buffer_control_update32.part.2.str1.4
                0x00000000200088fc       0x1f CMakeFiles/gyrologger.dir/home/dietpi/programming/pico/pico-sdk/lib/tinyusb/src/portable/raspberrypi/rp2040/rp2040_usb.c.obj
 *fill*         0x000000002000891b        0x1 
 .rodata.hw_endpoint_xfer_continue.str1.4
                0x000000002000891c       0x29 CMakeFiles/gyrologger.dir/home/dietpi/programming/pico/pico-sdk/lib/tinyusb/src/portable/raspberrypi/rp2040/rp2040_usb.c.obj
 *fill*         0x0000000020008945        0x3 
 .rodata.str1.4
                0x0000000020008948        0x7 CMakeFiles/gyrologger.dir/home/dietpi/programming/pico/pico-sdk/lib/tinyusb/src/portable/raspberrypi/rp2040/rp2040_usb.c.obj
 *fill*         0x000000002000894f        0x1 
 .rodata.tud_task
                0x0000000020008950       0x8c CMakeFiles/gyrologger.dir/home/dietpi/programming/pico/pico-sdk/lib/tinyusb/src/device/usbd.c.obj
 .rodata._usbd_driver
                0x00000000200089dc       0x18 CMakeFiles/gyrologger.dir/home/dietpi/programming/pico/pico-sdk/lib/tinyusb/src/device/usbd.c.obj
                0x00000000200089f4                . = ALIGN (0x4)
 *(SORT_BY_ALIGNMENT(SORT_BY_NAME(.flashdata*)))
                0x00000000200089f4                . = ALIGN (0x4)

.rel.dyn        0x00000000200089f4        0x0
 .rel.iplt      0x00000000200089f4        0x0 CMakeFiles/gyrologger.dir/gyrologger.cpp.obj

.ARM.extab
 *(.ARM.extab* .gnu.linkonce.armextab.*)
                0x00000000200089f4                __exidx_start = .

.ARM.exidx
 *(.ARM.exidx* .gnu.linkonce.armexidx.*)
                0x00000000200089f4                __exidx_end = .
                0x00000000200089f4                . = ALIGN (0x4)
                0x00000000200089f4                __binary_info_start = .

.binary_info    0x00000000200089f4       0x24
 *(.binary_info.keep.*)
 .binary_info.keep.__bi_ptr262
                0x00000000200089f4        0x4 CMakeFiles/gyrologger.dir/gyrologger.cpp.obj
 .binary_info.keep.__bi_ptr269
                0x00000000200089f8        0x4 CMakeFiles/gyrologger.dir/gyrologger.cpp.obj
 .binary_info.keep.__bi_ptr30
                0x00000000200089fc        0x4 CMakeFiles/gyrologger.dir/home/dietpi/programming/pico/pico-sdk/src/rp2_common/pico_standard_link/binary_info.c.obj
 .binary_info.keep.__bi_ptr38
                0x0000000020008a00        0x4 CMakeFiles/gyrologger.dir/home/dietpi/programming/pico/pico-sdk/src/rp2_common/pico_standard_link/binary_info.c.obj
 .binary_info.keep.__bi_ptr44
                0x0000000020008a04        0x4 CMakeFiles/gyrologger.dir/home/dietpi/programming/pico/pico-sdk/src/rp2_common/pico_standard_link/binary_info.c.obj
 .binary_info.keep.__bi_ptr50
                0x0000000020008a08        0x4 CMakeFiles/gyrologger.dir/home/dietpi/programming/pico/pico-sdk/src/rp2_common/pico_standard_link/binary_info.c.obj
 .binary_info.keep.__bi_ptr56
                0x0000000020008a0c        0x4 CMakeFiles/gyrologger.dir/home/dietpi/programming/pico/pico-sdk/src/rp2_common/pico_standard_link/binary_info.c.obj
 .binary_info.keep.__bi_ptr81
                0x0000000020008a10        0x4 CMakeFiles/gyrologger.dir/home/dietpi/programming/pico/pico-sdk/src/rp2_common/pico_standard_link/binary_info.c.obj
 *(.binary_info.*)
 .binary_info.__bi_ptr93
                0x0000000020008a14        0x4 CMakeFiles/gyrologger.dir/home/dietpi/programming/pico/pico-sdk/src/rp2_common/pico_stdio_usb/stdio_usb.c.obj
                0x0000000020008a18                __binary_info_end = .
                0x0000000020008a18                . = ALIGN (0x4)

.data           0x0000000020008a20      0x944
                0x0000000020008a20                __etext = .
                0x0000000020008a20                __data_start__ = .
 *(vtable)
 *(.data*)
 .data.striped_spin_lock_num
                0x0000000020008a20        0x1 CMakeFiles/gyrologger.dir/home/dietpi/programming/pico/pico-sdk/src/rp2_common/hardware_sync/sync.c.obj
 *fill*         0x0000000020008a21        0x3 
 .data.default_alarm_pool
                0x0000000020008a24       0x18 CMakeFiles/gyrologger.dir/home/dietpi/programming/pico/pico-sdk/src/common/pico_time/time.c.obj
 .data.default_alarm_pool_heap
                0x0000000020008a3c       0x10 CMakeFiles/gyrologger.dir/home/dietpi/programming/pico/pico-sdk/src/common/pico_time/time.c.obj
 .data          0x0000000020008a4c       0x48 CMakeFiles/gyrologger.dir/home/dietpi/programming/pico/pico-sdk/src/rp2_common/hardware_irq/irq_handler_chain.S.obj
                0x0000000020008a4c                irq_handler_chain_slots
                0x0000000020008a7c                irq_handler_chain_first_slot
                0x0000000020008a86                irq_handler_chain_remove_tail
 *fill*         0x0000000020008a94        0xc 
 .data.aeabi_bits_funcs
                0x0000000020008aa0       0x10 CMakeFiles/gyrologger.dir/home/dietpi/programming/pico/pico-sdk/src/rp2_common/pico_bit_ops/bit_ops_aeabi.S.obj
                0x0000000020008aa0                aeabi_bits_funcs
                0x0000000020008ab0                aeabi_bits_funcs_end
 .data.aeabi_mem_funcs
                0x0000000020008ab0       0x10 CMakeFiles/gyrologger.dir/home/dietpi/programming/pico/pico-sdk/src/rp2_common/pico_mem_ops/mem_ops_aeabi.S.obj
                0x0000000020008ab0                aeabi_mem_funcs
                0x0000000020008ac0                aeabi_mem_funcs_end
 .data.stdio_usb
                0x0000000020008ac0       0x14 CMakeFiles/gyrologger.dir/home/dietpi/programming/pico/pico-sdk/src/rp2_common/pico_stdio_usb/stdio_usb.c.obj
                0x0000000020008ac0                stdio_usb
 .data.ep_dir_string
                0x0000000020008ad4        0x8 CMakeFiles/gyrologger.dir/home/dietpi/programming/pico/pico-sdk/lib/tinyusb/src/portable/raspberrypi/rp2040/rp2040_usb.c.obj
                0x0000000020008ad4                ep_dir_string
 .data._usbd_qdef
                0x0000000020008adc       0x24 CMakeFiles/gyrologger.dir/home/dietpi/programming/pico/pico-sdk/lib/tinyusb/src/device/usbd.c.obj
                0x0000000020008adc                _usbd_qdef
 .data          0x0000000020008b00      0x430 /usr/lib/gcc/arm-none-eabi/8.3.1/../../../arm-none-eabi/lib/thumb/v6-m/nofp/libc.a(lib_a-impure.o)
                0x0000000020008b00                _impure_ptr
 .data          0x0000000020008f30      0x410 /usr/lib/gcc/arm-none-eabi/8.3.1/../../../arm-none-eabi/lib/thumb/v6-m/nofp/libc.a(lib_a-mallocr.o)
                0x0000000020008f30                __malloc_sbrk_base
                0x0000000020008f34                __malloc_trim_threshold
                0x0000000020008f38                __malloc_av_
                0x0000000020009340                . = ALIGN (0x4)
 *(.after_data.*)
                0x0000000020009340                . = ALIGN (0x4)
                0x0000000020009340                PROVIDE (__mutex_array_start = .)
 *(SORT_BY_NAME(.mutex_array.*))
 *(.mutex_array)
 .mutex_array   0x0000000020009340        0x8 CMakeFiles/gyrologger.dir/home/dietpi/programming/pico/pico-sdk/src/rp2_common/pico_malloc/pico_malloc.c.obj
 .mutex_array   0x0000000020009348        0x8 CMakeFiles/gyrologger.dir/home/dietpi/programming/pico/pico-sdk/src/rp2_common/pico_stdio/stdio.c.obj
                0x0000000020009350                PROVIDE (__mutex_array_end = .)
                0x0000000020009350                . = ALIGN (0x4)
                0x0000000020009350                PROVIDE (__preinit_array_start = .)
 *(SORT_BY_NAME(.preinit_array.*))
 .preinit_array.00001
                0x0000000020009350        0x4 CMakeFiles/gyrologger.dir/home/dietpi/programming/pico/pico-sdk/src/rp2_common/pico_mem_ops/mem_ops_aeabi.S.obj
 .preinit_array.00010
                0x0000000020009354        0x4 CMakeFiles/gyrologger.dir/home/dietpi/programming/pico/pico-sdk/src/rp2_common/pico_bit_ops/bit_ops_aeabi.S.obj
 .preinit_array.00020
                0x0000000020009358        0x4 CMakeFiles/gyrologger.dir/home/dietpi/programming/pico/pico-sdk/src/rp2_common/pico_double/double_aeabi.S.obj
 .preinit_array.00020
                0x000000002000935c        0x4 CMakeFiles/gyrologger.dir/home/dietpi/programming/pico/pico-sdk/src/rp2_common/pico_float/float_aeabi.S.obj
 *(.preinit_array)
                0x0000000020009360                PROVIDE (__preinit_array_end = .)
                0x0000000020009360                . = ALIGN (0x4)
                0x0000000020009360                PROVIDE (__init_array_start = .)
 *(SORT_BY_NAME(.init_array.*))
 *(.init_array)
 .init_array    0x0000000020009360        0x4 CMakeFiles/gyrologger.dir/home/dietpi/programming/pico/pico-sdk/src/rp2_common/pico_unique_id/unique_id.c.obj
                0x0000000020009364                PROVIDE (__init_array_end = .)
                0x0000000020009364                . = ALIGN (0x4)
                [!provide]                        PROVIDE (__fini_array_start = .)
 *(SORT_BY_NAME(.fini_array.*))
 *(.fini_array)
                [!provide]                        PROVIDE (__fini_array_end = .)
 *(.jcr)
                0x0000000020009364                . = ALIGN (0x4)
                0x0000000020009364                __data_end__ = .

.igot.plt       0x0000000020009364        0x0
 .igot.plt      0x0000000020009364        0x0 CMakeFiles/gyrologger.dir/gyrologger.cpp.obj

.uninitialized_data
                0x0000000020009364        0x0
                0x0000000020009364                . = ALIGN (0x4)
 *(.uninitialized_data*)

.scratch_x      0x0000000020040000        0x0
                0x0000000020040000                __scratch_x_start__ = .
 *(.scratch_x.*)
                0x0000000020040000                . = ALIGN (0x4)
                0x0000000020040000                __scratch_x_end__ = .
                0x0000000020040000                __scratch_x_source__ = LOADADDR (.scratch_x)

.scratch_y      0x0000000020041000        0x0
                0x0000000020041000                __scratch_y_start__ = .
 *(.scratch_y.*)
                0x0000000020041000                . = ALIGN (0x4)
                0x0000000020041000                __scratch_y_end__ = .
                0x0000000020041000                __scratch_y_source__ = LOADADDR (.scratch_y)

.bss            0x0000000020009368      0xcb0
                0x0000000020009368                . = ALIGN (0x4)
                0x0000000020009368                __bss_start__ = .
 *(SORT_BY_ALIGNMENT(SORT_BY_NAME(.bss*)))
 .bss.default_alarm_pool_entries
                0x0000000020009368      0x100 CMakeFiles/gyrologger.dir/home/dietpi/programming/pico/pico-sdk/src/common/pico_time/time.c.obj
 .bss.last_avail_time.7211
                0x0000000020009468        0x8 CMakeFiles/gyrologger.dir/home/dietpi/programming/pico/pico-sdk/src/rp2_common/pico_stdio_usb/stdio_usb.c.obj
 .bss           0x0000000020009470       0x34 /usr/lib/gcc/arm-none-eabi/8.3.1/../../../arm-none-eabi/lib/thumb/v6-m/nofp/libc.a(lib_a-mallocr.o)
                0x0000000020009470                __malloc_top_pad
                0x0000000020009474                __malloc_current_mallinfo
                0x000000002000949c                __malloc_max_sbrked_mem
                0x00000000200094a0                __malloc_max_total_mem
 .bss._app_driver
                0x00000000200094a4        0x4 CMakeFiles/gyrologger.dir/home/dietpi/programming/pico/pico-sdk/lib/tinyusb/src/device/usbd.c.obj
 .bss._cdcd_itf
                0x00000000200094a8      0x2d8 CMakeFiles/gyrologger.dir/home/dietpi/programming/pico/pico-sdk/lib/tinyusb/src/class/cdc/cdc_device.c.obj
 .bss._ctrl_xfer
                0x0000000020009780       0x14 CMakeFiles/gyrologger.dir/home/dietpi/programming/pico/pico-sdk/lib/tinyusb/src/device/usbd_control.c.obj
 .bss._ubsd_mutexdef
                0x0000000020009794        0x8 CMakeFiles/gyrologger.dir/home/dietpi/programming/pico/pico-sdk/lib/tinyusb/src/device/usbd.c.obj
 .bss._usbd_ctrl_buf
                0x000000002000979c       0x40 CMakeFiles/gyrologger.dir/home/dietpi/programming/pico/pico-sdk/lib/tinyusb/src/device/usbd_control.c.obj
 .bss._usbd_dev
                0x00000000200097dc       0x53 CMakeFiles/gyrologger.dir/home/dietpi/programming/pico/pico-sdk/lib/tinyusb/src/device/usbd.c.obj
 *fill*         0x000000002000982f        0x1 
 .bss._usbd_mutex
                0x0000000020009830        0x4 CMakeFiles/gyrologger.dir/home/dietpi/programming/pico/pico-sdk/lib/tinyusb/src/device/usbd.c.obj
 .bss._usbd_q   0x0000000020009834        0x4 CMakeFiles/gyrologger.dir/home/dietpi/programming/pico/pico-sdk/lib/tinyusb/src/device/usbd.c.obj
 .bss.alarm_callbacks
                0x0000000020009838       0x10 CMakeFiles/gyrologger.dir/home/dietpi/programming/pico/pico-sdk/src/rp2_common/hardware_timer/timer.c.obj
 .bss.call_queue
                0x0000000020009848       0x10 CMakeFiles/gyrologger.dir/gyrologger.cpp.obj
                0x0000000020009848                call_queue
 .bss.claimed   0x0000000020009858        0x4 CMakeFiles/gyrologger.dir/home/dietpi/programming/pico/pico-sdk/src/rp2_common/hardware_sync/sync.c.obj
 .bss.configured_freq
                0x000000002000985c       0x28 CMakeFiles/gyrologger.dir/home/dietpi/programming/pico/pico-sdk/src/rp2_common/hardware_clocks/clocks.c.obj
 .bss.default_alarm_pool_entry_ids_high
                0x0000000020009884       0x10 CMakeFiles/gyrologger.dir/home/dietpi/programming/pico/pico-sdk/src/common/pico_time/time.c.obj
 .bss.default_alarm_pool_heap_nodes
                0x0000000020009894       0x30 CMakeFiles/gyrologger.dir/home/dietpi/programming/pico/pico-sdk/src/common/pico_time/time.c.obj
 .bss.desc_str.7110
                0x00000000200098c4       0x28 CMakeFiles/gyrologger.dir/home/dietpi/programming/pico/pico-sdk/src/rp2_common/pico_stdio_usb/stdio_usb_descriptors.c.obj
 .bss.drivers   0x00000000200098ec        0x4 CMakeFiles/gyrologger.dir/home/dietpi/programming/pico/pico-sdk/src/rp2_common/pico_stdio/stdio.c.obj
 .bss.filter    0x00000000200098f0        0x4 CMakeFiles/gyrologger.dir/home/dietpi/programming/pico/pico-sdk/src/rp2_common/pico_stdio/stdio.c.obj
 .bss.heap_end.5896
                0x00000000200098f4        0x4 CMakeFiles/gyrologger.dir/home/dietpi/programming/pico/pico-sdk/src/rp2_common/pico_runtime/runtime.c.obj
 .bss.hw_endpoints
                0x00000000200098f8      0x400 CMakeFiles/gyrologger.dir/home/dietpi/programming/pico/pico-sdk/lib/tinyusb/src/portable/raspberrypi/rp2040/dcd_rp2040.c.obj
 .bss.lazy_vsnprintf
                0x0000000020009cf8        0x4 CMakeFiles/gyrologger.dir/home/dietpi/programming/pico/pico-sdk/src/rp2_common/pico_printf/printf.c.obj
 .bss.load_value
                0x0000000020009cfc        0x4 CMakeFiles/gyrologger.dir/home/dietpi/programming/pico/pico-sdk/src/rp2_common/hardware_watchdog/watchdog.c.obj
 .bss.next_buffer_ptr
                0x0000000020009d00        0x4 CMakeFiles/gyrologger.dir/home/dietpi/programming/pico/pico-sdk/lib/tinyusb/src/portable/raspberrypi/rp2040/dcd_rp2040.c.obj
 .bss.pools     0x0000000020009d04       0x10 CMakeFiles/gyrologger.dir/home/dietpi/programming/pico/pico-sdk/src/common/pico_time/time.c.obj
 .bss.retrieved_id
                0x0000000020009d14        0x8 CMakeFiles/gyrologger.dir/home/dietpi/programming/pico/pico-sdk/src/rp2_common/pico_unique_id/unique_id.c.obj
 .bss.sf_clz_func
                0x0000000020009d1c        0x4 CMakeFiles/gyrologger.dir/home/dietpi/programming/pico/pico-sdk/src/rp2_common/pico_double/double_init_rom.c.obj
                0x0000000020009d1c                sf_clz_func
 .bss.sleep_notifier
                0x0000000020009d20        0x4 CMakeFiles/gyrologger.dir/home/dietpi/programming/pico/pico-sdk/src/common/pico_time/time.c.obj
 .bss.stdio_usb_mutex
                0x0000000020009d24        0x8 CMakeFiles/gyrologger.dir/home/dietpi/programming/pico/pico-sdk/src/rp2_common/pico_stdio_usb/stdio_usb.c.obj
 .bss.target_hi
                0x0000000020009d2c       0x10 CMakeFiles/gyrologger.dir/home/dietpi/programming/pico/pico-sdk/src/rp2_common/hardware_timer/timer.c.obj
 .bss.usbd_serial_str
                0x0000000020009d3c       0x11 CMakeFiles/gyrologger.dir/home/dietpi/programming/pico/pico-sdk/src/rp2_common/pico_stdio_usb/stdio_usb_descriptors.c.obj
 .bss._app_driver_count
                0x0000000020009d4d        0x1 CMakeFiles/gyrologger.dir/home/dietpi/programming/pico/pico-sdk/lib/tinyusb/src/device/usbd.c.obj
 .bss._usbd_initialized
                0x0000000020009d4e        0x1 CMakeFiles/gyrologger.dir/home/dietpi/programming/pico/pico-sdk/lib/tinyusb/src/device/usbd.c.obj
 .bss.claimed   0x0000000020009d4f        0x1 CMakeFiles/gyrologger.dir/home/dietpi/programming/pico/pico-sdk/src/rp2_common/hardware_timer/timer.c.obj
 .bss.irq_hander_chain_free_slot_head
                0x0000000020009d50        0x1 CMakeFiles/gyrologger.dir/home/dietpi/programming/pico/pico-sdk/src/rp2_common/hardware_irq/irq.c.obj
 .bss.itf_num   0x0000000020009d51        0x1 CMakeFiles/gyrologger.dir/home/dietpi/programming/pico/pico-sdk/src/rp2_common/pico_stdio_usb/reset_interface.c.obj
 .bss.timer_callbacks_pending
                0x0000000020009d52        0x1 CMakeFiles/gyrologger.dir/home/dietpi/programming/pico/pico-sdk/src/rp2_common/hardware_timer/timer.c.obj
 *(COMMON)
 *fill*         0x0000000020009d53        0x1 
 COMMON         0x0000000020009d54      0x100 CMakeFiles/gyrologger.dir/home/dietpi/programming/pico/pico-sdk/src/rp2_common/pico_double/double_init_rom.c.obj
                0x0000000020009d54                sd_table
 COMMON         0x0000000020009e54      0x100 CMakeFiles/gyrologger.dir/home/dietpi/programming/pico/pico-sdk/src/rp2_common/pico_float/float_init_rom.c.obj
                0x0000000020009e54                sf_table
 COMMON         0x0000000020009f54       0xc0 CMakeFiles/gyrologger.dir/home/dietpi/programming/pico/pico-sdk/lib/tinyusb/src/device/usbd.c.obj
                0x0000000020009f54                _usbd_qdef_buf
 COMMON         0x000000002000a014        0x4 /usr/lib/gcc/arm-none-eabi/8.3.1/../../../arm-none-eabi/lib/thumb/v6-m/nofp/libc.a(lib_a-reent.o)
                0x000000002000a014                errno
                0x000000002000a018                . = ALIGN (0x4)
                0x000000002000a018                __bss_end__ = .

.heap           0x000000002000a018      0x800
                0x000000002000a018                __end__ = .
                0x000000002000a018                end = __end__
 *(.heap*)
 .heap          0x000000002000a018      0x800 CMakeFiles/gyrologger.dir/home/dietpi/programming/pico/pico-sdk/src/rp2_common/pico_standard_link/crt0.S.obj
                0x000000002000a818                __HeapLimit = .

.stack1_dummy   0x0000000020040000      0x800
 *(.stack1*)
 .stack1        0x0000000020040000      0x800 CMakeFiles/gyrologger.dir/home/dietpi/programming/pico/pico-sdk/src/rp2_common/pico_multicore/multicore.c.obj

.stack_dummy    0x0000000020041000      0x800
 *(.stack*)
 .stack         0x0000000020041000      0x800 CMakeFiles/gyrologger.dir/home/dietpi/programming/pico/pico-sdk/src/rp2_common/pico_standard_link/crt0.S.obj
                0x0000000020040000                __StackLimit = (ORIGIN (RAM) + LENGTH (RAM))
                0x0000000020041000                __StackOneTop = (ORIGIN (SCRATCH_X) + LENGTH (SCRATCH_X))
                0x0000000020042000                __StackTop = (ORIGIN (SCRATCH_Y) + LENGTH (SCRATCH_Y))
                0x0000000020040800                __StackOneBottom = (__StackOneTop - SIZEOF (.stack1_dummy))
                0x0000000020041800                __StackBottom = (__StackTop - SIZEOF (.stack_dummy))
                [!provide]                        PROVIDE (__stack = __StackTop)
                0x0000000000000001                ASSERT ((__StackLimit >= __HeapLimit), region RAM overflowed)
                0x0000000000000001                ASSERT (((__binary_info_header_end - __logical_binary_start) <= 0x100), Binary info must be in first 256 bytes of the binary)
LOAD CMakeFiles/gyrologger.dir/gyrologger.cpp.obj
LOAD CMakeFiles/gyrologger.dir/home/dietpi/programming/pico/pico-sdk/src/rp2_common/pico_stdlib/stdlib.c.obj
LOAD CMakeFiles/gyrologger.dir/home/dietpi/programming/pico/pico-sdk/src/rp2_common/hardware_gpio/gpio.c.obj
LOAD CMakeFiles/gyrologger.dir/home/dietpi/programming/pico/pico-sdk/src/rp2_common/hardware_claim/claim.c.obj
LOAD CMakeFiles/gyrologger.dir/home/dietpi/programming/pico/pico-sdk/src/rp2_common/pico_platform/platform.c.obj
LOAD CMakeFiles/gyrologger.dir/home/dietpi/programming/pico/pico-sdk/src/rp2_common/hardware_sync/sync.c.obj
LOAD CMakeFiles/gyrologger.dir/home/dietpi/programming/pico/pico-sdk/src/rp2_common/hardware_uart/uart.c.obj
LOAD CMakeFiles/gyrologger.dir/home/dietpi/programming/pico/pico-sdk/src/rp2_common/hardware_divider/divider.S.obj
LOAD CMakeFiles/gyrologger.dir/home/dietpi/programming/pico/pico-sdk/src/common/pico_time/time.c.obj
LOAD CMakeFiles/gyrologger.dir/home/dietpi/programming/pico/pico-sdk/src/common/pico_time/timeout_helper.c.obj
LOAD CMakeFiles/gyrologger.dir/home/dietpi/programming/pico/pico-sdk/src/rp2_common/hardware_timer/timer.c.obj
LOAD CMakeFiles/gyrologger.dir/home/dietpi/programming/pico/pico-sdk/src/common/pico_sync/sem.c.obj
LOAD CMakeFiles/gyrologger.dir/home/dietpi/programming/pico/pico-sdk/src/common/pico_sync/lock_core.c.obj
LOAD CMakeFiles/gyrologger.dir/home/dietpi/programming/pico/pico-sdk/src/common/pico_sync/mutex.c.obj
LOAD CMakeFiles/gyrologger.dir/home/dietpi/programming/pico/pico-sdk/src/common/pico_sync/critical_section.c.obj
LOAD CMakeFiles/gyrologger.dir/home/dietpi/programming/pico/pico-sdk/src/common/pico_util/datetime.c.obj
LOAD CMakeFiles/gyrologger.dir/home/dietpi/programming/pico/pico-sdk/src/common/pico_util/pheap.c.obj
LOAD CMakeFiles/gyrologger.dir/home/dietpi/programming/pico/pico-sdk/src/common/pico_util/queue.c.obj
LOAD CMakeFiles/gyrologger.dir/home/dietpi/programming/pico/pico-sdk/src/rp2_common/pico_runtime/runtime.c.obj
LOAD CMakeFiles/gyrologger.dir/home/dietpi/programming/pico/pico-sdk/src/rp2_common/hardware_clocks/clocks.c.obj
LOAD CMakeFiles/gyrologger.dir/home/dietpi/programming/pico/pico-sdk/src/rp2_common/hardware_irq/irq.c.obj
LOAD CMakeFiles/gyrologger.dir/home/dietpi/programming/pico/pico-sdk/src/rp2_common/hardware_irq/irq_handler_chain.S.obj
LOAD CMakeFiles/gyrologger.dir/home/dietpi/programming/pico/pico-sdk/src/rp2_common/hardware_pll/pll.c.obj
LOAD CMakeFiles/gyrologger.dir/home/dietpi/programming/pico/pico-sdk/src/rp2_common/hardware_vreg/vreg.c.obj
LOAD CMakeFiles/gyrologger.dir/home/dietpi/programming/pico/pico-sdk/src/rp2_common/hardware_watchdog/watchdog.c.obj
LOAD CMakeFiles/gyrologger.dir/home/dietpi/programming/pico/pico-sdk/src/rp2_common/hardware_xosc/xosc.c.obj
LOAD CMakeFiles/gyrologger.dir/home/dietpi/programming/pico/pico-sdk/src/rp2_common/pico_printf/printf.c.obj
LOAD CMakeFiles/gyrologger.dir/home/dietpi/programming/pico/pico-sdk/src/rp2_common/pico_bit_ops/bit_ops_aeabi.S.obj
LOAD CMakeFiles/gyrologger.dir/home/dietpi/programming/pico/pico-sdk/src/rp2_common/pico_bootrom/bootrom.c.obj
LOAD CMakeFiles/gyrologger.dir/home/dietpi/programming/pico/pico-sdk/src/rp2_common/pico_divider/divider.S.obj
LOAD CMakeFiles/gyrologger.dir/home/dietpi/programming/pico/pico-sdk/src/rp2_common/pico_double/double_aeabi.S.obj
LOAD CMakeFiles/gyrologger.dir/home/dietpi/programming/pico/pico-sdk/src/rp2_common/pico_double/double_init_rom.c.obj
LOAD CMakeFiles/gyrologger.dir/home/dietpi/programming/pico/pico-sdk/src/rp2_common/pico_double/double_math.c.obj
LOAD CMakeFiles/gyrologger.dir/home/dietpi/programming/pico/pico-sdk/src/rp2_common/pico_double/double_v1_rom_shim.S.obj
LOAD CMakeFiles/gyrologger.dir/home/dietpi/programming/pico/pico-sdk/src/rp2_common/pico_int64_ops/pico_int64_ops_aeabi.S.obj
LOAD CMakeFiles/gyrologger.dir/home/dietpi/programming/pico/pico-sdk/src/rp2_common/pico_float/float_aeabi.S.obj
LOAD CMakeFiles/gyrologger.dir/home/dietpi/programming/pico/pico-sdk/src/rp2_common/pico_float/float_init_rom.c.obj
LOAD CMakeFiles/gyrologger.dir/home/dietpi/programming/pico/pico-sdk/src/rp2_common/pico_float/float_math.c.obj
LOAD CMakeFiles/gyrologger.dir/home/dietpi/programming/pico/pico-sdk/src/rp2_common/pico_float/float_v1_rom_shim.S.obj
LOAD CMakeFiles/gyrologger.dir/home/dietpi/programming/pico/pico-sdk/src/rp2_common/pico_malloc/pico_malloc.c.obj
LOAD CMakeFiles/gyrologger.dir/home/dietpi/programming/pico/pico-sdk/src/rp2_common/pico_mem_ops/mem_ops_aeabi.S.obj
LOAD CMakeFiles/gyrologger.dir/home/dietpi/programming/pico/pico-sdk/src/rp2_common/pico_standard_link/crt0.S.obj
LOAD CMakeFiles/gyrologger.dir/home/dietpi/programming/pico/pico-sdk/src/rp2_common/pico_standard_link/new_delete.cpp.obj
LOAD CMakeFiles/gyrologger.dir/home/dietpi/programming/pico/pico-sdk/src/rp2_common/pico_standard_link/binary_info.c.obj
LOAD CMakeFiles/gyrologger.dir/home/dietpi/programming/pico/pico-sdk/src/rp2_common/pico_stdio/stdio.c.obj
LOAD CMakeFiles/gyrologger.dir/home/dietpi/programming/pico/pico-sdk/src/rp2_common/pico_stdio_usb/reset_interface.c.obj
LOAD CMakeFiles/gyrologger.dir/home/dietpi/programming/pico/pico-sdk/src/rp2_common/pico_stdio_usb/stdio_usb.c.obj
LOAD CMakeFiles/gyrologger.dir/home/dietpi/programming/pico/pico-sdk/src/rp2_common/pico_stdio_usb/stdio_usb_descriptors.c.obj
LOAD CMakeFiles/gyrologger.dir/home/dietpi/programming/pico/pico-sdk/lib/tinyusb/src/portable/raspberrypi/rp2040/dcd_rp2040.c.obj
LOAD CMakeFiles/gyrologger.dir/home/dietpi/programming/pico/pico-sdk/lib/tinyusb/src/portable/raspberrypi/rp2040/rp2040_usb.c.obj
LOAD CMakeFiles/gyrologger.dir/home/dietpi/programming/pico/pico-sdk/lib/tinyusb/src/device/usbd.c.obj
LOAD CMakeFiles/gyrologger.dir/home/dietpi/programming/pico/pico-sdk/lib/tinyusb/src/device/usbd_control.c.obj
LOAD CMakeFiles/gyrologger.dir/home/dietpi/programming/pico/pico-sdk/lib/tinyusb/src/class/audio/audio_device.c.obj
LOAD CMakeFiles/gyrologger.dir/home/dietpi/programming/pico/pico-sdk/lib/tinyusb/src/class/cdc/cdc_device.c.obj
LOAD CMakeFiles/gyrologger.dir/home/dietpi/programming/pico/pico-sdk/lib/tinyusb/src/class/dfu/dfu_device.c.obj
LOAD CMakeFiles/gyrologger.dir/home/dietpi/programming/pico/pico-sdk/lib/tinyusb/src/class/dfu/dfu_rt_device.c.obj
LOAD CMakeFiles/gyrologger.dir/home/dietpi/programming/pico/pico-sdk/lib/tinyusb/src/class/hid/hid_device.c.obj
LOAD CMakeFiles/gyrologger.dir/home/dietpi/programming/pico/pico-sdk/lib/tinyusb/src/class/midi/midi_device.c.obj
LOAD CMakeFiles/gyrologger.dir/home/dietpi/programming/pico/pico-sdk/lib/tinyusb/src/class/msc/msc_device.c.obj
LOAD CMakeFiles/gyrologger.dir/home/dietpi/programming/pico/pico-sdk/lib/tinyusb/src/class/net/ecm_rndis_device.c.obj
LOAD CMakeFiles/gyrologger.dir/home/dietpi/programming/pico/pico-sdk/lib/tinyusb/src/class/net/ncm_device.c.obj
LOAD CMakeFiles/gyrologger.dir/home/dietpi/programming/pico/pico-sdk/lib/tinyusb/src/class/usbtmc/usbtmc_device.c.obj
LOAD CMakeFiles/gyrologger.dir/home/dietpi/programming/pico/pico-sdk/lib/tinyusb/src/class/vendor/vendor_device.c.obj
LOAD CMakeFiles/gyrologger.dir/home/dietpi/programming/pico/pico-sdk/lib/tinyusb/src/class/video/video_device.c.obj
LOAD CMakeFiles/gyrologger.dir/home/dietpi/programming/pico/pico-sdk/lib/tinyusb/src/tusb.c.obj
LOAD CMakeFiles/gyrologger.dir/home/dietpi/programming/pico/pico-sdk/lib/tinyusb/src/common/tusb_fifo.c.obj
LOAD CMakeFiles/gyrologger.dir/home/dietpi/programming/pico/pico-sdk/src/rp2_common/pico_fix/rp2040_usb_device_enumeration/rp2040_usb_device_enumeration.c.obj
LOAD CMakeFiles/gyrologger.dir/home/dietpi/programming/pico/pico-sdk/src/rp2_common/pico_unique_id/unique_id.c.obj
LOAD CMakeFiles/gyrologger.dir/home/dietpi/programming/pico/pico-sdk/src/rp2_common/hardware_flash/flash.c.obj
LOAD CMakeFiles/gyrologger.dir/home/dietpi/programming/pico/pico-sdk/src/rp2_common/hardware_spi/spi.c.obj
LOAD CMakeFiles/gyrologger.dir/home/dietpi/programming/pico/pico-sdk/src/rp2_common/pico_multicore/multicore.c.obj
LOAD /usr/lib/gcc/arm-none-eabi/8.3.1/../../../arm-none-eabi/lib/thumb/v6-m/nofp/libstdc++.a
LOAD /usr/lib/gcc/arm-none-eabi/8.3.1/../../../arm-none-eabi/lib/thumb/v6-m/nofp/libm.a
START GROUP
LOAD /usr/lib/gcc/arm-none-eabi/8.3.1/thumb/v6-m/nofp/libgcc.a
LOAD /usr/lib/gcc/arm-none-eabi/8.3.1/../../../arm-none-eabi/lib/thumb/v6-m/nofp/libc.a
END GROUP
START GROUP
LOAD /usr/lib/gcc/arm-none-eabi/8.3.1/thumb/v6-m/nofp/libgcc.a
LOAD /usr/lib/gcc/arm-none-eabi/8.3.1/../../../arm-none-eabi/lib/thumb/v6-m/nofp/libc.a
LOAD /usr/lib/gcc/arm-none-eabi/8.3.1/../../../arm-none-eabi/lib/thumb/v6-m/nofp/libnosys.a
END GROUP
OUTPUT(gyrologger.elf elf32-littlearm)
LOAD linker stubs

.comment        0x0000000000000000       0x9f
 .comment       0x0000000000000000       0x51 CMakeFiles/gyrologger.dir/gyrologger.cpp.obj
                                         0x52 (size before relaxing)
 .comment       0x0000000000000051       0x52 CMakeFiles/gyrologger.dir/home/dietpi/programming/pico/pico-sdk/src/rp2_common/hardware_gpio/gpio.c.obj
 .comment       0x0000000000000051       0x52 CMakeFiles/gyrologger.dir/home/dietpi/programming/pico/pico-sdk/src/rp2_common/hardware_claim/claim.c.obj
 .comment       0x0000000000000051       0x52 CMakeFiles/gyrologger.dir/home/dietpi/programming/pico/pico-sdk/src/rp2_common/pico_platform/platform.c.obj
 .comment       0x0000000000000051       0x52 CMakeFiles/gyrologger.dir/home/dietpi/programming/pico/pico-sdk/src/rp2_common/hardware_sync/sync.c.obj
 .comment       0x0000000000000051       0x52 CMakeFiles/gyrologger.dir/home/dietpi/programming/pico/pico-sdk/src/common/pico_time/time.c.obj
 .comment       0x0000000000000051       0x52 CMakeFiles/gyrologger.dir/home/dietpi/programming/pico/pico-sdk/src/rp2_common/hardware_timer/timer.c.obj
 .comment       0x0000000000000051       0x52 CMakeFiles/gyrologger.dir/home/dietpi/programming/pico/pico-sdk/src/common/pico_sync/lock_core.c.obj
 .comment       0x0000000000000051       0x52 CMakeFiles/gyrologger.dir/home/dietpi/programming/pico/pico-sdk/src/common/pico_sync/mutex.c.obj
 .comment       0x0000000000000051       0x52 CMakeFiles/gyrologger.dir/home/dietpi/programming/pico/pico-sdk/src/common/pico_sync/critical_section.c.obj
 .comment       0x0000000000000051       0x52 CMakeFiles/gyrologger.dir/home/dietpi/programming/pico/pico-sdk/src/common/pico_util/pheap.c.obj
 .comment       0x0000000000000051       0x52 CMakeFiles/gyrologger.dir/home/dietpi/programming/pico/pico-sdk/src/common/pico_util/queue.c.obj
 .comment       0x0000000000000051       0x52 CMakeFiles/gyrologger.dir/home/dietpi/programming/pico/pico-sdk/src/rp2_common/pico_runtime/runtime.c.obj
 .comment       0x0000000000000051       0x52 CMakeFiles/gyrologger.dir/home/dietpi/programming/pico/pico-sdk/src/rp2_common/hardware_clocks/clocks.c.obj
 .comment       0x0000000000000051       0x52 CMakeFiles/gyrologger.dir/home/dietpi/programming/pico/pico-sdk/src/rp2_common/hardware_irq/irq.c.obj
 .comment       0x0000000000000051       0x52 CMakeFiles/gyrologger.dir/home/dietpi/programming/pico/pico-sdk/src/rp2_common/hardware_pll/pll.c.obj
 .comment       0x0000000000000051       0x52 CMakeFiles/gyrologger.dir/home/dietpi/programming/pico/pico-sdk/src/rp2_common/hardware_watchdog/watchdog.c.obj
 .comment       0x0000000000000051       0x52 CMakeFiles/gyrologger.dir/home/dietpi/programming/pico/pico-sdk/src/rp2_common/hardware_xosc/xosc.c.obj
 .comment       0x0000000000000051       0x52 CMakeFiles/gyrologger.dir/home/dietpi/programming/pico/pico-sdk/src/rp2_common/pico_printf/printf.c.obj
 .comment       0x0000000000000051       0x52 CMakeFiles/gyrologger.dir/home/dietpi/programming/pico/pico-sdk/src/rp2_common/pico_bootrom/bootrom.c.obj
 .comment       0x0000000000000051       0x52 CMakeFiles/gyrologger.dir/home/dietpi/programming/pico/pico-sdk/src/rp2_common/pico_double/double_init_rom.c.obj